Archive member included to satisfy reference by file (symbol)

d:/program files (x86)/atmel/studio/7.0/toolchain/avr8/avr8-gnu-toolchain/bin/../lib/gcc/avr/5.4.0/avr5\libgcc.a(_divmodhi4.o)
                              Driver/Pwm.o (__divmodhi4)
d:/program files (x86)/atmel/studio/7.0/toolchain/avr8/avr8-gnu-toolchain/bin/../lib/gcc/avr/5.4.0/avr5\libgcc.a(_exit.o)
                              D:/Program Files (x86)/Atmel/Studio/7.0/Packs/atmel/ATmega_DFP/1.3.300/gcc/dev/atmega328p/avr5/crtatmega328p.o (exit)
d:/program files (x86)/atmel/studio/7.0/toolchain/avr8/avr8-gnu-toolchain/bin/../lib/gcc/avr/5.4.0/avr5\libgcc.a(_copy_data.o)
                              Driver/Adc.o (__do_copy_data)
d:/program files (x86)/atmel/studio/7.0/toolchain/avr8/avr8-gnu-toolchain/bin/../lib/gcc/avr/5.4.0/avr5\libgcc.a(_clear_bss.o)
                              Appl/Appl.o (__do_clear_bss)
d:/program files (x86)/atmel/studio/7.0/toolchain/avr8/avr8-gnu-toolchain/bin/../lib/gcc/avr/5.4.0/avr5\libgcc.a(_udivmodhi4.o)
                              d:/program files (x86)/atmel/studio/7.0/toolchain/avr8/avr8-gnu-toolchain/bin/../lib/gcc/avr/5.4.0/avr5\libgcc.a(_divmodhi4.o) (__udivmodhi4)

Allocating common symbols
Common symbol       size              file

Hms_1sec_Counter    0x2               Driver/Timer.o
People              0x1               Appl/Appl.o
Position            0x4               System/PositionSensor.o
Door_state          0x1               Appl/OvenPositionControl.o
AD_Channel          0x1               Hal/Hal.o
Floor_position      0x1               Appl/Appl.o
ADC_Buffer          0xc               Driver/Adc.o
Adc_Step            0x1               Driver/Adc.o
Oven_PositionControl_State
                    0x1               Appl/OvenPositionControl.o
Hal_Leds_Buffer     0x4               Hal/Hal.o
Segment_Floor_State
                    0x1               System/Display.o
PlaySound           0x1               System/Sounds.o
Oven_PositionControl_Solicitation
                    0x1               Appl/OvenPositionControl.o
Display_Keys_Map    0x1               System/Display.o
End_Cycle_Sound_Step
                    0x1               System/Sounds.o
AD_Sample           0xc               Hal/Hal.o
Hal_Analog_Inputs   0xc               Hal/Hal.o
AD_Mux_State        0x1               Hal/Hal.o
User_Action         0x1               Appl/Appl.o
AD_Counter          0x6               Hal/Hal.o
Hal_Keys_Buffer     0x1               Hal/Hal.o
current_position    0x2               Appl/OvenPositionControl.o
Port_movie          0x1               System/PortSensor.o
PowerON_Sound_Step  0x1               System/Sounds.o
Key_Press_Sound_Step
                    0x1               System/Sounds.o
Sensor_status       0x1               System/PortSensor.o
Timer_Counter       0x1               Appl/Appl.o
Port_status         0x1               Appl/Appl.o
Sampling_Time       0x1               Driver/Adc.o
Trigger             0x1               Appl/Appl.o
Toggle              0x1               Appl/Appl.o
Slot                0x1               Appl/main.o
Adc_Channel         0x1               Driver/Adc.o
Oven_Display_State  0x1               System/Display.o
Ms_Timers           0xf               Driver/Timer.o
Hms_Timers          0x1c              Driver/Timer.o
AD_Accumulator      0xc               Hal/Hal.o

Discarded input sections

 .data          0x00000000        0x0 D:/Program Files (x86)/Atmel/Studio/7.0/Packs/atmel/ATmega_DFP/1.3.300/gcc/dev/atmega328p/avr5/crtatmega328p.o
 .bss           0x00000000        0x0 D:/Program Files (x86)/Atmel/Studio/7.0/Packs/atmel/ATmega_DFP/1.3.300/gcc/dev/atmega328p/avr5/crtatmega328p.o
 .text          0x00000000        0x0 Appl/Appl.o
 .data          0x00000000        0x0 Appl/Appl.o
 .bss           0x00000000        0x0 Appl/Appl.o
 .text          0x00000000        0x0 Appl/main.o
 .data          0x00000000        0x0 Appl/main.o
 .bss           0x00000000        0x0 Appl/main.o
 .text          0x00000000        0x0 Appl/OvenPositionControl.o
 .data          0x00000000        0x0 Appl/OvenPositionControl.o
 .bss           0x00000000        0x0 Appl/OvenPositionControl.o
 .text          0x00000000        0x0 Driver/Adc.o
 .data          0x00000000        0x0 Driver/Adc.o
 .bss           0x00000000        0x0 Driver/Adc.o
 .rodata.ADC_BIT_CLR_MASK
                0x00000000        0x6 Driver/Adc.o
 .text          0x00000000        0x0 Driver/Gpio.o
 .data          0x00000000        0x0 Driver/Gpio.o
 .bss           0x00000000        0x0 Driver/Gpio.o
 .text          0x00000000        0x0 Driver/Pwm.o
 .data          0x00000000        0x0 Driver/Pwm.o
 .bss           0x00000000        0x0 Driver/Pwm.o
 .text          0x00000000        0x0 Driver/Timer.o
 .data          0x00000000        0x0 Driver/Timer.o
 .bss           0x00000000        0x0 Driver/Timer.o
 .text.Timer__MsHandler
                0x00000000       0x28 Driver/Timer.o
 .text.Timer__MsSet
                0x00000000       0x3c Driver/Timer.o
 .text.Timer__MsExpire
                0x00000000       0x1e Driver/Timer.o
 .text.Timer__MsGetStatus
                0x00000000       0x16 Driver/Timer.o
 .text.Timer__HMSExpire
                0x00000000       0x1e Driver/Timer.o
 .text.Timer__HMSGetTime
                0x00000000       0x12 Driver/Timer.o
 .rodata.Hms_1sec_TimeBase
                0x00000000        0x2 Driver/Timer.o
 .text          0x00000000        0x0 Hal/Hal.o
 .data          0x00000000        0x0 Hal/Hal.o
 .bss           0x00000000        0x0 Hal/Hal.o
 .text          0x00000000        0x0 Hal/SevenSeg.o
 .data          0x00000000        0x0 Hal/SevenSeg.o
 .bss           0x00000000        0x0 Hal/SevenSeg.o
 .rodata.SEGMENT_MAP_DIGIT
                0x00000000        0xa Hal/SevenSeg.o
 .text          0x00000000        0x0 System/Display.o
 .data          0x00000000        0x0 System/Display.o
 .bss           0x00000000        0x0 System/Display.o
 .text.Display__Handler
                0x00000000        0xe System/Display.o
 .text          0x00000000        0x0 System/PortSensor.o
 .data          0x00000000        0x0 System/PortSensor.o
 .bss           0x00000000        0x0 System/PortSensor.o
 .text.PortSensor__Initialize
                0x00000000       0x10 System/PortSensor.o
 .text.PortStatus
                0x00000000        0x6 System/PortSensor.o
 .text          0x00000000        0x0 System/PositionSensor.o
 .data          0x00000000        0x0 System/PositionSensor.o
 .bss           0x00000000        0x0 System/PositionSensor.o
 .rodata.PositionSensor_Enable_Table
                0x00000000        0x2 System/PositionSensor.o
 .rodata.PositionSensorTable
                0x00000000        0x2 System/PositionSensor.o
 .text          0x00000000        0x0 System/Sounds.o
 .data          0x00000000        0x0 System/Sounds.o
 .bss           0x00000000        0x0 System/Sounds.o
 .text.Sounds__GetSounds
                0x00000000        0x6 System/Sounds.o
 .bss.EndCycleSound_Counter
                0x00000000        0x1 System/Sounds.o
 .text          0x00000000        0x0 d:/program files (x86)/atmel/studio/7.0/toolchain/avr8/avr8-gnu-toolchain/bin/../lib/gcc/avr/5.4.0/avr5\libgcc.a(_divmodhi4.o)
 .data          0x00000000        0x0 d:/program files (x86)/atmel/studio/7.0/toolchain/avr8/avr8-gnu-toolchain/bin/../lib/gcc/avr/5.4.0/avr5\libgcc.a(_divmodhi4.o)
 .bss           0x00000000        0x0 d:/program files (x86)/atmel/studio/7.0/toolchain/avr8/avr8-gnu-toolchain/bin/../lib/gcc/avr/5.4.0/avr5\libgcc.a(_divmodhi4.o)
 .text.libgcc.mul
                0x00000000        0x0 d:/program files (x86)/atmel/studio/7.0/toolchain/avr8/avr8-gnu-toolchain/bin/../lib/gcc/avr/5.4.0/avr5\libgcc.a(_divmodhi4.o)
 .text.libgcc   0x00000000        0x0 d:/program files (x86)/atmel/studio/7.0/toolchain/avr8/avr8-gnu-toolchain/bin/../lib/gcc/avr/5.4.0/avr5\libgcc.a(_divmodhi4.o)
 .text.libgcc.prologue
                0x00000000        0x0 d:/program files (x86)/atmel/studio/7.0/toolchain/avr8/avr8-gnu-toolchain/bin/../lib/gcc/avr/5.4.0/avr5\libgcc.a(_divmodhi4.o)
 .text.libgcc.builtins
                0x00000000        0x0 d:/program files (x86)/atmel/studio/7.0/toolchain/avr8/avr8-gnu-toolchain/bin/../lib/gcc/avr/5.4.0/avr5\libgcc.a(_divmodhi4.o)
 .text.libgcc.fmul
                0x00000000        0x0 d:/program files (x86)/atmel/studio/7.0/toolchain/avr8/avr8-gnu-toolchain/bin/../lib/gcc/avr/5.4.0/avr5\libgcc.a(_divmodhi4.o)
 .text.libgcc.fixed
                0x00000000        0x0 d:/program files (x86)/atmel/studio/7.0/toolchain/avr8/avr8-gnu-toolchain/bin/../lib/gcc/avr/5.4.0/avr5\libgcc.a(_divmodhi4.o)
 .text          0x00000000        0x0 d:/program files (x86)/atmel/studio/7.0/toolchain/avr8/avr8-gnu-toolchain/bin/../lib/gcc/avr/5.4.0/avr5\libgcc.a(_exit.o)
 .data          0x00000000        0x0 d:/program files (x86)/atmel/studio/7.0/toolchain/avr8/avr8-gnu-toolchain/bin/../lib/gcc/avr/5.4.0/avr5\libgcc.a(_exit.o)
 .bss           0x00000000        0x0 d:/program files (x86)/atmel/studio/7.0/toolchain/avr8/avr8-gnu-toolchain/bin/../lib/gcc/avr/5.4.0/avr5\libgcc.a(_exit.o)
 .text.libgcc.mul
                0x00000000        0x0 d:/program files (x86)/atmel/studio/7.0/toolchain/avr8/avr8-gnu-toolchain/bin/../lib/gcc/avr/5.4.0/avr5\libgcc.a(_exit.o)
 .text.libgcc.div
                0x00000000        0x0 d:/program files (x86)/atmel/studio/7.0/toolchain/avr8/avr8-gnu-toolchain/bin/../lib/gcc/avr/5.4.0/avr5\libgcc.a(_exit.o)
 .text.libgcc   0x00000000        0x0 d:/program files (x86)/atmel/studio/7.0/toolchain/avr8/avr8-gnu-toolchain/bin/../lib/gcc/avr/5.4.0/avr5\libgcc.a(_exit.o)
 .text.libgcc.prologue
                0x00000000        0x0 d:/program files (x86)/atmel/studio/7.0/toolchain/avr8/avr8-gnu-toolchain/bin/../lib/gcc/avr/5.4.0/avr5\libgcc.a(_exit.o)
 .text.libgcc.builtins
                0x00000000        0x0 d:/program files (x86)/atmel/studio/7.0/toolchain/avr8/avr8-gnu-toolchain/bin/../lib/gcc/avr/5.4.0/avr5\libgcc.a(_exit.o)
 .text.libgcc.fmul
                0x00000000        0x0 d:/program files (x86)/atmel/studio/7.0/toolchain/avr8/avr8-gnu-toolchain/bin/../lib/gcc/avr/5.4.0/avr5\libgcc.a(_exit.o)
 .text.libgcc.fixed
                0x00000000        0x0 d:/program files (x86)/atmel/studio/7.0/toolchain/avr8/avr8-gnu-toolchain/bin/../lib/gcc/avr/5.4.0/avr5\libgcc.a(_exit.o)
 .text          0x00000000        0x0 d:/program files (x86)/atmel/studio/7.0/toolchain/avr8/avr8-gnu-toolchain/bin/../lib/gcc/avr/5.4.0/avr5\libgcc.a(_copy_data.o)
 .data          0x00000000        0x0 d:/program files (x86)/atmel/studio/7.0/toolchain/avr8/avr8-gnu-toolchain/bin/../lib/gcc/avr/5.4.0/avr5\libgcc.a(_copy_data.o)
 .bss           0x00000000        0x0 d:/program files (x86)/atmel/studio/7.0/toolchain/avr8/avr8-gnu-toolchain/bin/../lib/gcc/avr/5.4.0/avr5\libgcc.a(_copy_data.o)
 .text.libgcc.mul
                0x00000000        0x0 d:/program files (x86)/atmel/studio/7.0/toolchain/avr8/avr8-gnu-toolchain/bin/../lib/gcc/avr/5.4.0/avr5\libgcc.a(_copy_data.o)
 .text.libgcc.div
                0x00000000        0x0 d:/program files (x86)/atmel/studio/7.0/toolchain/avr8/avr8-gnu-toolchain/bin/../lib/gcc/avr/5.4.0/avr5\libgcc.a(_copy_data.o)
 .text.libgcc   0x00000000        0x0 d:/program files (x86)/atmel/studio/7.0/toolchain/avr8/avr8-gnu-toolchain/bin/../lib/gcc/avr/5.4.0/avr5\libgcc.a(_copy_data.o)
 .text.libgcc.prologue
                0x00000000        0x0 d:/program files (x86)/atmel/studio/7.0/toolchain/avr8/avr8-gnu-toolchain/bin/../lib/gcc/avr/5.4.0/avr5\libgcc.a(_copy_data.o)
 .text.libgcc.builtins
                0x00000000        0x0 d:/program files (x86)/atmel/studio/7.0/toolchain/avr8/avr8-gnu-toolchain/bin/../lib/gcc/avr/5.4.0/avr5\libgcc.a(_copy_data.o)
 .text.libgcc.fmul
                0x00000000        0x0 d:/program files (x86)/atmel/studio/7.0/toolchain/avr8/avr8-gnu-toolchain/bin/../lib/gcc/avr/5.4.0/avr5\libgcc.a(_copy_data.o)
 .text.libgcc.fixed
                0x00000000        0x0 d:/program files (x86)/atmel/studio/7.0/toolchain/avr8/avr8-gnu-toolchain/bin/../lib/gcc/avr/5.4.0/avr5\libgcc.a(_copy_data.o)
 .text          0x00000000        0x0 d:/program files (x86)/atmel/studio/7.0/toolchain/avr8/avr8-gnu-toolchain/bin/../lib/gcc/avr/5.4.0/avr5\libgcc.a(_clear_bss.o)
 .data          0x00000000        0x0 d:/program files (x86)/atmel/studio/7.0/toolchain/avr8/avr8-gnu-toolchain/bin/../lib/gcc/avr/5.4.0/avr5\libgcc.a(_clear_bss.o)
 .bss           0x00000000        0x0 d:/program files (x86)/atmel/studio/7.0/toolchain/avr8/avr8-gnu-toolchain/bin/../lib/gcc/avr/5.4.0/avr5\libgcc.a(_clear_bss.o)
 .text.libgcc.mul
                0x00000000        0x0 d:/program files (x86)/atmel/studio/7.0/toolchain/avr8/avr8-gnu-toolchain/bin/../lib/gcc/avr/5.4.0/avr5\libgcc.a(_clear_bss.o)
 .text.libgcc.div
                0x00000000        0x0 d:/program files (x86)/atmel/studio/7.0/toolchain/avr8/avr8-gnu-toolchain/bin/../lib/gcc/avr/5.4.0/avr5\libgcc.a(_clear_bss.o)
 .text.libgcc   0x00000000        0x0 d:/program files (x86)/atmel/studio/7.0/toolchain/avr8/avr8-gnu-toolchain/bin/../lib/gcc/avr/5.4.0/avr5\libgcc.a(_clear_bss.o)
 .text.libgcc.prologue
                0x00000000        0x0 d:/program files (x86)/atmel/studio/7.0/toolchain/avr8/avr8-gnu-toolchain/bin/../lib/gcc/avr/5.4.0/avr5\libgcc.a(_clear_bss.o)
 .text.libgcc.builtins
                0x00000000        0x0 d:/program files (x86)/atmel/studio/7.0/toolchain/avr8/avr8-gnu-toolchain/bin/../lib/gcc/avr/5.4.0/avr5\libgcc.a(_clear_bss.o)
 .text.libgcc.fmul
                0x00000000        0x0 d:/program files (x86)/atmel/studio/7.0/toolchain/avr8/avr8-gnu-toolchain/bin/../lib/gcc/avr/5.4.0/avr5\libgcc.a(_clear_bss.o)
 .text.libgcc.fixed
                0x00000000        0x0 d:/program files (x86)/atmel/studio/7.0/toolchain/avr8/avr8-gnu-toolchain/bin/../lib/gcc/avr/5.4.0/avr5\libgcc.a(_clear_bss.o)
 .text          0x00000000        0x0 d:/program files (x86)/atmel/studio/7.0/toolchain/avr8/avr8-gnu-toolchain/bin/../lib/gcc/avr/5.4.0/avr5\libgcc.a(_udivmodhi4.o)
 .data          0x00000000        0x0 d:/program files (x86)/atmel/studio/7.0/toolchain/avr8/avr8-gnu-toolchain/bin/../lib/gcc/avr/5.4.0/avr5\libgcc.a(_udivmodhi4.o)
 .bss           0x00000000        0x0 d:/program files (x86)/atmel/studio/7.0/toolchain/avr8/avr8-gnu-toolchain/bin/../lib/gcc/avr/5.4.0/avr5\libgcc.a(_udivmodhi4.o)
 .text.libgcc.mul
                0x00000000        0x0 d:/program files (x86)/atmel/studio/7.0/toolchain/avr8/avr8-gnu-toolchain/bin/../lib/gcc/avr/5.4.0/avr5\libgcc.a(_udivmodhi4.o)
 .text.libgcc   0x00000000        0x0 d:/program files (x86)/atmel/studio/7.0/toolchain/avr8/avr8-gnu-toolchain/bin/../lib/gcc/avr/5.4.0/avr5\libgcc.a(_udivmodhi4.o)
 .text.libgcc.prologue
                0x00000000        0x0 d:/program files (x86)/atmel/studio/7.0/toolchain/avr8/avr8-gnu-toolchain/bin/../lib/gcc/avr/5.4.0/avr5\libgcc.a(_udivmodhi4.o)
 .text.libgcc.builtins
                0x00000000        0x0 d:/program files (x86)/atmel/studio/7.0/toolchain/avr8/avr8-gnu-toolchain/bin/../lib/gcc/avr/5.4.0/avr5\libgcc.a(_udivmodhi4.o)
 .text.libgcc.fmul
                0x00000000        0x0 d:/program files (x86)/atmel/studio/7.0/toolchain/avr8/avr8-gnu-toolchain/bin/../lib/gcc/avr/5.4.0/avr5\libgcc.a(_udivmodhi4.o)
 .text.libgcc.fixed
                0x00000000        0x0 d:/program files (x86)/atmel/studio/7.0/toolchain/avr8/avr8-gnu-toolchain/bin/../lib/gcc/avr/5.4.0/avr5\libgcc.a(_udivmodhi4.o)

Memory Configuration

Name             Origin             Length             Attributes
text             0x00000000         0x00020000         xr
data             0x00800060         0x0000ffa0         rw !x
eeprom           0x00810000         0x00010000         rw !x
fuse             0x00820000         0x00000003         rw !x
lock             0x00830000         0x00000400         rw !x
signature        0x00840000         0x00000400         rw !x
user_signatures  0x00850000         0x00000400         rw !x
*default*        0x00000000         0xffffffff

Linker script and memory map

Address of section .data set to 0x800100
LOAD D:/Program Files (x86)/Atmel/Studio/7.0/Packs/atmel/ATmega_DFP/1.3.300/gcc/dev/atmega328p/avr5/crtatmega328p.o
LOAD Appl/Appl.o
LOAD Appl/main.o
LOAD Appl/OvenPositionControl.o
LOAD Driver/Adc.o
LOAD Driver/Gpio.o
LOAD Driver/Pwm.o
LOAD Driver/Timer.o
LOAD Hal/Hal.o
LOAD Hal/SevenSeg.o
LOAD System/Display.o
LOAD System/PortSensor.o
LOAD System/PositionSensor.o
LOAD System/Sounds.o
START GROUP
LOAD d:/program files (x86)/atmel/studio/7.0/toolchain/avr8/avr8-gnu-toolchain/bin/../lib/gcc/avr/5.4.0/../../../../avr/lib/avr5\libm.a
END GROUP
START GROUP
LOAD d:/program files (x86)/atmel/studio/7.0/toolchain/avr8/avr8-gnu-toolchain/bin/../lib/gcc/avr/5.4.0/avr5\libgcc.a
LOAD d:/program files (x86)/atmel/studio/7.0/toolchain/avr8/avr8-gnu-toolchain/bin/../lib/gcc/avr/5.4.0/../../../../avr/lib/avr5\libm.a
LOAD d:/program files (x86)/atmel/studio/7.0/toolchain/avr8/avr8-gnu-toolchain/bin/../lib/gcc/avr/5.4.0/../../../../avr/lib/avr5\libc.a
LOAD D:/Program Files (x86)/Atmel/Studio/7.0/Packs/atmel/ATmega_DFP/1.3.300/gcc/dev/atmega328p/avr5\libatmega328p.a
END GROUP
                0x00000000                __TEXT_REGION_ORIGIN__ = DEFINED (__TEXT_REGION_ORIGIN__)?__TEXT_REGION_ORIGIN__:0x0
                0x00800060                __DATA_REGION_ORIGIN__ = DEFINED (__DATA_REGION_ORIGIN__)?__DATA_REGION_ORIGIN__:0x800060
                0x00020000                __TEXT_REGION_LENGTH__ = DEFINED (__TEXT_REGION_LENGTH__)?__TEXT_REGION_LENGTH__:0x20000
                0x0000ffa0                __DATA_REGION_LENGTH__ = DEFINED (__DATA_REGION_LENGTH__)?__DATA_REGION_LENGTH__:0xffa0
                0x00010000                __EEPROM_REGION_LENGTH__ = DEFINED (__EEPROM_REGION_LENGTH__)?__EEPROM_REGION_LENGTH__:0x10000
                [0x00000003]                __FUSE_REGION_LENGTH__ = DEFINED (__FUSE_REGION_LENGTH__)?__FUSE_REGION_LENGTH__:0x400
                0x00000400                __LOCK_REGION_LENGTH__ = DEFINED (__LOCK_REGION_LENGTH__)?__LOCK_REGION_LENGTH__:0x400
                0x00000400                __SIGNATURE_REGION_LENGTH__ = DEFINED (__SIGNATURE_REGION_LENGTH__)?__SIGNATURE_REGION_LENGTH__:0x400
                0x00000400                __USER_SIGNATURE_REGION_LENGTH__ = DEFINED (__USER_SIGNATURE_REGION_LENGTH__)?__USER_SIGNATURE_REGION_LENGTH__:0x400

.hash
 *(.hash)

.dynsym
 *(.dynsym)

.dynstr
 *(.dynstr)

.gnu.version
 *(.gnu.version)

.gnu.version_d
 *(.gnu.version_d)

.gnu.version_r
 *(.gnu.version_r)

.rel.init
 *(.rel.init)

.rela.init
 *(.rela.init)

.rel.text
 *(.rel.text)
 *(.rel.text.*)
 *(.rel.gnu.linkonce.t*)

.rela.text
 *(.rela.text)
 *(.rela.text.*)
 *(.rela.gnu.linkonce.t*)

.rel.fini
 *(.rel.fini)

.rela.fini
 *(.rela.fini)

.rel.rodata
 *(.rel.rodata)
 *(.rel.rodata.*)
 *(.rel.gnu.linkonce.r*)

.rela.rodata
 *(.rela.rodata)
 *(.rela.rodata.*)
 *(.rela.gnu.linkonce.r*)

.rel.data
 *(.rel.data)
 *(.rel.data.*)
 *(.rel.gnu.linkonce.d*)

.rela.data
 *(.rela.data)
 *(.rela.data.*)
 *(.rela.gnu.linkonce.d*)

.rel.ctors
 *(.rel.ctors)

.rela.ctors
 *(.rela.ctors)

.rel.dtors
 *(.rel.dtors)

.rela.dtors
 *(.rela.dtors)

.rel.got
 *(.rel.got)

.rela.got
 *(.rela.got)

.rel.bss
 *(.rel.bss)

.rela.bss
 *(.rela.bss)

.rel.plt
 *(.rel.plt)

.rela.plt
 *(.rela.plt)

.text           0x00000000     0x102a
 *(.vectors)
 .vectors       0x00000000       0x68 D:/Program Files (x86)/Atmel/Studio/7.0/Packs/atmel/ATmega_DFP/1.3.300/gcc/dev/atmega328p/avr5/crtatmega328p.o
                0x00000000                __vector_default
                0x00000000                __vectors
 *(.vectors)
 *(.progmem.gcc*)
                0x00000068                . = ALIGN (0x2)
                0x00000068                __trampolines_start = .
 *(.trampolines)
 .trampolines   0x00000068        0x0 linker stubs
 *(.trampolines*)
                0x00000068                __trampolines_end = .
 *libprintf_flt.a:*(.progmem.data)
 *libc.a:*(.progmem.data)
 *(.progmem*)
                0x00000068                . = ALIGN (0x2)
 *(.jumptables)
 *(.jumptables*)
 *(.lowtext)
 *(.lowtext*)
                0x00000068                __ctors_start = .
 *(.ctors)
                0x00000068                __ctors_end = .
                0x00000068                __dtors_start = .
 *(.dtors)
                0x00000068                __dtors_end = .
 SORT(*)(.ctors)
 SORT(*)(.dtors)
 *(.init0)
 .init0         0x00000068        0x0 D:/Program Files (x86)/Atmel/Studio/7.0/Packs/atmel/ATmega_DFP/1.3.300/gcc/dev/atmega328p/avr5/crtatmega328p.o
                0x00000068                __init
 *(.init0)
 *(.init1)
 *(.init1)
 *(.init2)
 .init2         0x00000068        0xc D:/Program Files (x86)/Atmel/Studio/7.0/Packs/atmel/ATmega_DFP/1.3.300/gcc/dev/atmega328p/avr5/crtatmega328p.o
 *(.init2)
 *(.init3)
 *(.init3)
 *(.init4)
 .init4         0x00000074       0x16 d:/program files (x86)/atmel/studio/7.0/toolchain/avr8/avr8-gnu-toolchain/bin/../lib/gcc/avr/5.4.0/avr5\libgcc.a(_copy_data.o)
                0x00000074                __do_copy_data
 .init4         0x0000008a       0x10 d:/program files (x86)/atmel/studio/7.0/toolchain/avr8/avr8-gnu-toolchain/bin/../lib/gcc/avr/5.4.0/avr5\libgcc.a(_clear_bss.o)
                0x0000008a                __do_clear_bss
 *(.init4)
 *(.init5)
 *(.init5)
 *(.init6)
 *(.init6)
 *(.init7)
 *(.init7)
 *(.init8)
 *(.init8)
 *(.init9)
 .init9         0x0000009a        0x8 D:/Program Files (x86)/Atmel/Studio/7.0/Packs/atmel/ATmega_DFP/1.3.300/gcc/dev/atmega328p/avr5/crtatmega328p.o
 *(.init9)
 *(.text)
 .text          0x000000a2        0x4 D:/Program Files (x86)/Atmel/Studio/7.0/Packs/atmel/ATmega_DFP/1.3.300/gcc/dev/atmega328p/avr5/crtatmega328p.o
                0x000000a2                __vector_22
                0x000000a2                __vector_1
                0x000000a2                __vector_24
                0x000000a2                __vector_12
                0x000000a2                __bad_interrupt
                0x000000a2                __vector_6
                0x000000a2                __vector_3
                0x000000a2                __vector_23
                0x000000a2                __vector_25
                0x000000a2                __vector_11
                0x000000a2                __vector_17
                0x000000a2                __vector_19
                0x000000a2                __vector_7
                0x000000a2                __vector_5
                0x000000a2                __vector_4
                0x000000a2                __vector_9
                0x000000a2                __vector_2
                0x000000a2                __vector_21
                0x000000a2                __vector_15
                0x000000a2                __vector_8
                0x000000a2                __vector_14
                0x000000a2                __vector_10
                0x000000a2                __vector_16
                0x000000a2                __vector_18
                0x000000a2                __vector_20
                0x000000a6                . = ALIGN (0x2)
 *(.text.*)
 .text.Appl__Initialize
                0x000000a6       0x1c Appl/Appl.o
                0x000000a6                Appl__Initialize
 .text.Appl__Handler
                0x000000c2       0xb8 Appl/Appl.o
                0x000000c2                Appl__Handler
 .text.main     0x0000017a       0xbc Appl/main.o
                0x0000017a                main
 .text.OvenPositionControl__Initialize
                0x00000236        0x6 Appl/OvenPositionControl.o
                0x00000236                OvenPositionControl__Initialize
 .text.OvenPosition__SetSolicitation
                0x0000023c       0x4a Appl/OvenPositionControl.o
                0x0000023c                OvenPosition__SetSolicitation
 .text.OvenPositionControl__Handler
                0x00000286       0x44 Appl/OvenPositionControl.o
                0x00000286                OvenPositionControl__Handler
 .text.ADC__Initialize
                0x000002ca       0x52 Driver/Adc.o
                0x000002ca                ADC__Initialize
 .text.ADC__Handler
                0x0000031c       0xd8 Driver/Adc.o
                0x0000031c                ADC__Handler
 .text.ADC__ConfigModes
                0x000003f4       0x52 Driver/Adc.o
                0x000003f4                ADC__ConfigModes
 .text.ADC__GetValue
                0x00000446       0x1c Driver/Adc.o
                0x00000446                ADC__GetValue
 .text.Gpio__PinConfig
                0x00000462       0x6c Driver/Gpio.o
                0x00000462                Gpio__PinConfig
 .text.Gpio__PinWrite
                0x000004ce       0x54 Driver/Gpio.o
                0x000004ce                Gpio__PinWrite
 .text.Gpio__PinRead
                0x00000522       0x28 Driver/Gpio.o
                0x00000522                Gpio__PinRead
 .text.Pwm__SetTCFrequency
                0x0000054a      0x148 Driver/Pwm.o
                0x0000054a                Pwm__SetTCFrequency
 .text.Pwm__Initialize
                0x00000692       0x20 Driver/Pwm.o
                0x00000692                Pwm__Initialize
 .text.Pwm__SetDutyCycle
                0x000006b2       0xa2 Driver/Pwm.o
                0x000006b2                Pwm__SetDutyCycle
 .text.Timer__Initialize
                0x00000754       0x30 Driver/Timer.o
                0x00000754                Timer__Initialize
 .text.Timer__HMSHandler
                0x00000784       0x5a Driver/Timer.o
                0x00000784                Timer__HMSHandler
 .text.Timer__HMSSet
                0x000007de       0x36 Driver/Timer.o
                0x000007de                Timer__HMSSet
 .text.Timer__HMSGetStatus
                0x00000814       0x12 Driver/Timer.o
                0x00000814                Timer__HMSGetStatus
 .text.__vector_13
                0x00000826       0x36 Driver/Timer.o
                0x00000826                __vector_13
 .text.Hal__SetLed
                0x0000085c       0x1c Hal/Hal.o
                0x0000085c                Hal__SetLed
 .text.Hal__SetAllLeds
                0x00000878       0x1e Hal/Hal.o
                0x00000878                Hal__SetAllLeds
 .text.Hal__Initialize
                0x00000896       0x98 Hal/Hal.o
                0x00000896                Hal__Initialize
 .text.Hal__ReadKey
                0x0000092e       0x26 Hal/Hal.o
                0x0000092e                Hal__ReadKey
 .text.Hal__WriteValtoSegment
                0x00000954        0x6 Hal/Hal.o
                0x00000954                Hal__WriteValtoSegment
 .text.Hal__GetAnalogInput
                0x0000095a       0x18 Hal/Hal.o
                0x0000095a                Hal__GetAnalogInput
 .text.Hal__SetBuzzer
                0x00000972       0x18 Hal/Hal.o
                0x00000972                Hal__SetBuzzer
 .text.Hal__SetBuzzerFreq
                0x0000098a       0x12 Hal/Hal.o
                0x0000098a                Hal__SetBuzzerFreq
 .text.LEDsUpdate
                0x0000099c       0x7c Hal/Hal.o
                0x0000099c                LEDsUpdate
 .text.KeysRead
                0x00000a18       0xae Hal/Hal.o
                0x00000a18                KeysRead
 .text.Hal__FastHandler
                0x00000ac6        0xa Hal/Hal.o
                0x00000ac6                Hal__FastHandler
 .text.ADProcess
                0x00000ad0       0xe8 Hal/Hal.o
                0x00000ad0                ADProcess
 .text.Hal__BackgroundHandler
                0x00000bb8        0x6 Hal/Hal.o
                0x00000bb8                Hal__BackgroundHandler
 .text.SevenSeg_WriteValueToSegment
                0x00000bbe       0x62 Hal/SevenSeg.o
                0x00000bbe                SevenSeg_WriteValueToSegment
 .text.Display__Initialize
                0x00000c20        0x6 System/Display.o
                0x00000c20                Display__Initialize
 .text.Display__SetState
                0x00000c26        0xa System/Display.o
                0x00000c26                Display__SetState
 .text.UpdateDisplayLeds
                0x00000c30       0x78 System/Display.o
                0x00000c30                UpdateDisplayLeds
 .text.ReadDisplayKeys
                0x00000ca8       0x34 System/Display.o
                0x00000ca8                ReadDisplayKeys
 .text.Display__GetEvent
                0x00000cdc        0xa System/Display.o
                0x00000cdc                Display__GetEvent
 .text.UpdateDisplaySevenSeg
                0x00000ce6       0x6a System/Display.o
                0x00000ce6                UpdateDisplaySevenSeg
 .text.PortSensor__Movie
                0x00000d50       0x26 System/PortSensor.o
                0x00000d50                PortSensor__Movie
 .text.ReadSensor
                0x00000d76        0xc System/PortSensor.o
                0x00000d76                ReadSensor
 .text.PositionSensor__Initialize
                0x00000d82        0xe System/PositionSensor.o
                0x00000d82                PositionSensor__Initialize
 .text.PositionSensor__ConversionHandler
                0x00000d90       0x10 System/PositionSensor.o
                0x00000d90                PositionSensor__ConversionHandler
 .text.PositionSensor__GetMeters
                0x00000da0       0x1c System/PositionSensor.o
                0x00000da0                PositionSensor__GetMeters
 .text.Sounds__Initialize
                0x00000dbc       0x16 System/Sounds.o
                0x00000dbc                Sounds__Initialize
 .text.Sounds__PlaySounds
                0x00000dd2       0x12 System/Sounds.o
                0x00000dd2                Sounds__PlaySounds
 .text.PowerOnSoundHandler
                0x00000de4      0x110 System/Sounds.o
                0x00000de4                PowerOnSoundHandler
 .text.KeyPressSoundHandler
                0x00000ef4       0x4a System/Sounds.o
                0x00000ef4                KeyPressSoundHandler
 .text.EndCycleSoundHandler
                0x00000f3e       0x4c System/Sounds.o
                0x00000f3e                EndCycleSoundHandler
 .text.Sounds__Background
                0x00000f8a       0x4c System/Sounds.o
                0x00000f8a                Sounds__Background
 .text.libgcc.div
                0x00000fd6       0x28 d:/program files (x86)/atmel/studio/7.0/toolchain/avr8/avr8-gnu-toolchain/bin/../lib/gcc/avr/5.4.0/avr5\libgcc.a(_divmodhi4.o)
                0x00000fd6                _div
                0x00000fd6                __divmodhi4
 .text.libgcc.div
                0x00000ffe       0x28 d:/program files (x86)/atmel/studio/7.0/toolchain/avr8/avr8-gnu-toolchain/bin/../lib/gcc/avr/5.4.0/avr5\libgcc.a(_udivmodhi4.o)
                0x00000ffe                __udivmodhi4
                0x00001026                . = ALIGN (0x2)
 *(.fini9)
 .fini9         0x00001026        0x0 d:/program files (x86)/atmel/studio/7.0/toolchain/avr8/avr8-gnu-toolchain/bin/../lib/gcc/avr/5.4.0/avr5\libgcc.a(_exit.o)
                0x00001026                _exit
                0x00001026                exit
 *(.fini9)
 *(.fini8)
 *(.fini8)
 *(.fini7)
 *(.fini7)
 *(.fini6)
 *(.fini6)
 *(.fini5)
 *(.fini5)
 *(.fini4)
 *(.fini4)
 *(.fini3)
 *(.fini3)
 *(.fini2)
 *(.fini2)
 *(.fini1)
 *(.fini1)
 *(.fini0)
 .fini0         0x00001026        0x4 d:/program files (x86)/atmel/studio/7.0/toolchain/avr8/avr8-gnu-toolchain/bin/../lib/gcc/avr/5.4.0/avr5\libgcc.a(_exit.o)
 *(.fini0)
                0x0000102a                _etext = .

.data           0x00800100       0x52 load address 0x0000102a
                0x00800100                PROVIDE (__data_start, .)
 *(.data)
 *(.data*)
 .data.GPIO_DATA_LIST
                0x00800100        0x6 Driver/Gpio.o
                0x00800100                GPIO_DATA_LIST
 .data.KEYS_GPIO
                0x00800106        0x8 Hal/Hal.o
                0x00800106                KEYS_GPIO
 .data.LED_GPIO
                0x0080010e        0x8 Hal/Hal.o
                0x0080010e                LED_GPIO
 .data.FIRST_DIGIT
                0x00800116        0x4 System/Display.o
                0x00800116                FIRST_DIGIT
 .data.GROUD_DIGIT
                0x0080011a        0x4 System/Display.o
                0x0080011a                GROUD_DIGIT
 *(.gnu.linkonce.d*)
 *(.rodata)
 *(.rodata*)
 .rodata.ADC_BIT_SET_MASK
                0x0080011e        0x6 Driver/Adc.o
                0x0080011e                ADC_BIT_SET_MASK
 .rodata.Adc_Enable_Table
                0x00800124        0x6 Driver/Adc.o
                0x00800124                Adc_Enable_Table
 .rodata.GPIO_PIN_CLR_MASK
                0x0080012a        0x8 Driver/Gpio.o
                0x0080012a                GPIO_PIN_CLR_MASK
 .rodata.GPIO_PIN_SET_MASK
                0x00800132        0x8 Driver/Gpio.o
                0x00800132                GPIO_PIN_SET_MASK
 .rodata.AD_Channel_Table
                0x0080013a        0x6 Hal/Hal.o
                0x0080013a                AD_Channel_Table
 .rodata.AD_Enable_Table
                0x00800140        0x6 Hal/Hal.o
                0x00800140                AD_Enable_Table
 .rodata.Keys_Enable_Table
                0x00800146        0x4 Hal/Hal.o
                0x00800146                Keys_Enable_Table
 .rodata.Leds_Enable_Table
                0x0080014a        0x4 Hal/Hal.o
                0x0080014a                Leds_Enable_Table
 .rodata.SEGMENT_SELECT
                0x0080014e        0x4 Hal/SevenSeg.o
                0x0080014e                SEGMENT_SELECT
 *(.gnu.linkonce.r*)
                0x00800152                . = ALIGN (0x2)
                0x00800152                _edata = .
                0x00800152                PROVIDE (__data_end, .)

.bss            0x00800152       0x88
                0x00800152                PROVIDE (__bss_start, .)
 *(.bss)
 *(.bss*)
 .bss.flag_seg  0x00800152        0x1 Driver/Timer.o
                0x00800152                flag_seg
 *(COMMON)
 COMMON         0x00800153        0x7 Appl/Appl.o
                0x00800153                People
                0x00800154                Floor_position
                0x00800155                User_Action
                0x00800156                Timer_Counter
                0x00800157                Port_status
                0x00800158                Trigger
                0x00800159                Toggle
 COMMON         0x0080015a        0x1 Appl/main.o
                0x0080015a                Slot
 COMMON         0x0080015b        0x5 Appl/OvenPositionControl.o
                0x0080015b                Door_state
                0x0080015c                Oven_PositionControl_State
                0x0080015d                Oven_PositionControl_Solicitation
                0x0080015e                current_position
 COMMON         0x00800160        0xf Driver/Adc.o
                0x00800160                ADC_Buffer
                0x0080016c                Adc_Step
                0x0080016d                Sampling_Time
                0x0080016e                Adc_Channel
 COMMON         0x0080016f       0x2d Driver/Timer.o
                0x0080016f                Hms_1sec_Counter
                0x00800171                Ms_Timers
                0x00800180                Hms_Timers
 COMMON         0x0080019c       0x31 Hal/Hal.o
                0x0080019c                AD_Channel
                0x0080019d                Hal_Leds_Buffer
                0x008001a1                AD_Sample
                0x008001ad                Hal_Analog_Inputs
                0x008001b9                AD_Mux_State
                0x008001ba                AD_Counter
                0x008001c0                Hal_Keys_Buffer
                0x008001c1                AD_Accumulator
 COMMON         0x008001cd        0x3 System/Display.o
                0x008001cd                Segment_Floor_State
                0x008001ce                Display_Keys_Map
                0x008001cf                Oven_Display_State
 COMMON         0x008001d0        0x2 System/PortSensor.o
                0x008001d0                Port_movie
                0x008001d1                Sensor_status
 COMMON         0x008001d2        0x4 System/PositionSensor.o
                0x008001d2                Position
 COMMON         0x008001d6        0x4 System/Sounds.o
                0x008001d6                PlaySound
                0x008001d7                End_Cycle_Sound_Step
                0x008001d8                PowerON_Sound_Step
                0x008001d9                Key_Press_Sound_Step
                0x008001da                PROVIDE (__bss_end, .)
                0x0000102a                __data_load_start = LOADADDR (.data)
                0x0000107c                __data_load_end = (__data_load_start + SIZEOF (.data))

.noinit         0x008001da        0x0
                [!provide]                PROVIDE (__noinit_start, .)
 *(.noinit*)
                [!provide]                PROVIDE (__noinit_end, .)
                0x008001da                _end = .
                [!provide]                PROVIDE (__heap_start, .)

.eeprom         0x00810000        0x0
 *(.eeprom*)
                0x00810000                __eeprom_end = .

.fuse
 *(.fuse)
 *(.lfuse)
 *(.hfuse)
 *(.efuse)

.lock
 *(.lock*)

.signature
 *(.signature*)

.user_signatures
 *(.user_signatures*)

.stab
 *(.stab)

.stabstr
 *(.stabstr)

.stab.excl
 *(.stab.excl)

.stab.exclstr
 *(.stab.exclstr)

.stab.index
 *(.stab.index)

.stab.indexstr
 *(.stab.indexstr)

.comment        0x00000000       0x30
 *(.comment)
 .comment       0x00000000       0x30 Appl/Appl.o
                                 0x31 (size before relaxing)
 .comment       0x00000030       0x31 Appl/main.o
 .comment       0x00000030       0x31 Appl/OvenPositionControl.o
 .comment       0x00000030       0x31 Driver/Adc.o
 .comment       0x00000030       0x31 Driver/Gpio.o
 .comment       0x00000030       0x31 Driver/Pwm.o
 .comment       0x00000030       0x31 Driver/Timer.o
 .comment       0x00000030       0x31 Hal/Hal.o
 .comment       0x00000030       0x31 Hal/SevenSeg.o
 .comment       0x00000030       0x31 System/Display.o
 .comment       0x00000030       0x31 System/PortSensor.o
 .comment       0x00000030       0x31 System/PositionSensor.o
 .comment       0x00000030       0x31 System/Sounds.o

.note.gnu.avr.deviceinfo
                0x00000000       0x40
 .note.gnu.avr.deviceinfo
                0x00000000       0x40 D:/Program Files (x86)/Atmel/Studio/7.0/Packs/atmel/ATmega_DFP/1.3.300/gcc/dev/atmega328p/avr5/crtatmega328p.o

.note.gnu.build-id
 *(.note.gnu.build-id)

.debug
 *(.debug)

.line
 *(.line)

.debug_srcinfo
 *(.debug_srcinfo)

.debug_sfnames
 *(.debug_sfnames)

.debug_aranges  0x00000000      0x328
 *(.debug_aranges)
 .debug_aranges
                0x00000000       0x28 Appl/Appl.o
 .debug_aranges
                0x00000028       0x20 Appl/main.o
 .debug_aranges
                0x00000048       0x30 Appl/OvenPositionControl.o
 .debug_aranges
                0x00000078       0x38 Driver/Adc.o
 .debug_aranges
                0x000000b0       0x30 Driver/Gpio.o
 .debug_aranges
                0x000000e0       0x30 Driver/Pwm.o
 .debug_aranges
                0x00000110       0x70 Driver/Timer.o
 .debug_aranges
                0x00000180       0x80 Hal/Hal.o
 .debug_aranges
                0x00000200       0x20 Hal/SevenSeg.o
 .debug_aranges
                0x00000220       0x50 System/Display.o
 .debug_aranges
                0x00000270       0x38 System/PortSensor.o
 .debug_aranges
                0x000002a8       0x30 System/PositionSensor.o
 .debug_aranges
                0x000002d8       0x50 System/Sounds.o

.debug_pubnames
 *(.debug_pubnames)

.debug_info     0x00000000     0x392d
 *(.debug_info .gnu.linkonce.wi.*)
 .debug_info    0x00000000      0x5f4 D:/Program Files (x86)/Atmel/Studio/7.0/Packs/atmel/ATmega_DFP/1.3.300/gcc/dev/atmega328p/avr5/crtatmega328p.o
 .debug_info    0x000005f4      0x3d1 Appl/Appl.o
 .debug_info    0x000009c5      0x2b8 Appl/main.o
 .debug_info    0x00000c7d      0x287 Appl/OvenPositionControl.o
 .debug_info    0x00000f04      0x4e9 Driver/Adc.o
 .debug_info    0x000013ed      0x356 Driver/Gpio.o
 .debug_info    0x00001743      0x56d Driver/Pwm.o
 .debug_info    0x00001cb0      0x444 Driver/Timer.o
 .debug_info    0x000020f4      0x807 Hal/Hal.o
 .debug_info    0x000028fb      0x142 Hal/SevenSeg.o
 .debug_info    0x00002a3d      0x59b System/Display.o
 .debug_info    0x00002fd8      0x222 System/PortSensor.o
 .debug_info    0x000031fa      0x1b5 System/PositionSensor.o
 .debug_info    0x000033af      0x57e System/Sounds.o

.debug_abbrev   0x00000000     0x1533
 *(.debug_abbrev)
 .debug_abbrev  0x00000000      0x5a2 D:/Program Files (x86)/Atmel/Studio/7.0/Packs/atmel/ATmega_DFP/1.3.300/gcc/dev/atmega328p/avr5/crtatmega328p.o
 .debug_abbrev  0x000005a2       0xbd Appl/Appl.o
 .debug_abbrev  0x0000065f       0xbf Appl/main.o
 .debug_abbrev  0x0000071e       0xe4 Appl/OvenPositionControl.o
 .debug_abbrev  0x00000802      0x16f Driver/Adc.o
 .debug_abbrev  0x00000971      0x164 Driver/Gpio.o
 .debug_abbrev  0x00000ad5      0x1a7 Driver/Pwm.o
 .debug_abbrev  0x00000c7c      0x184 Driver/Timer.o
 .debug_abbrev  0x00000e00      0x1db Hal/Hal.o
 .debug_abbrev  0x00000fdb       0xc7 Hal/SevenSeg.o
 .debug_abbrev  0x000010a2      0x155 System/Display.o
 .debug_abbrev  0x000011f7       0xec System/PortSensor.o
 .debug_abbrev  0x000012e3       0xfc System/PositionSensor.o
 .debug_abbrev  0x000013df      0x154 System/Sounds.o

.debug_line     0x00000000     0x1b8c
 *(.debug_line .debug_line.* .debug_line_end)
 .debug_line    0x00000000      0x133 D:/Program Files (x86)/Atmel/Studio/7.0/Packs/atmel/ATmega_DFP/1.3.300/gcc/dev/atmega328p/avr5/crtatmega328p.o
 .debug_line    0x00000133      0x1b5 Appl/Appl.o
 .debug_line    0x000002e8      0x1ea Appl/main.o
 .debug_line    0x000004d2      0x180 Appl/OvenPositionControl.o
 .debug_line    0x00000652      0x219 Driver/Adc.o
 .debug_line    0x0000086b      0x1b4 Driver/Gpio.o
 .debug_line    0x00000a1f      0x240 Driver/Pwm.o
 .debug_line    0x00000c5f      0x348 Driver/Timer.o
 .debug_line    0x00000fa7      0x3d0 Hal/Hal.o
 .debug_line    0x00001377      0x10d Hal/SevenSeg.o
 .debug_line    0x00001484      0x200 System/Display.o
 .debug_line    0x00001684      0x115 System/PortSensor.o
 .debug_line    0x00001799       0xf5 System/PositionSensor.o
 .debug_line    0x0000188e      0x2fe System/Sounds.o

.debug_frame    0x00000000      0x59c
 *(.debug_frame)
 .debug_frame   0x00000000       0x34 Appl/Appl.o
 .debug_frame   0x00000034       0x24 Appl/main.o
 .debug_frame   0x00000058       0x44 Appl/OvenPositionControl.o
 .debug_frame   0x0000009c       0x60 Driver/Adc.o
 .debug_frame   0x000000fc       0x44 Driver/Gpio.o
 .debug_frame   0x00000140       0x50 Driver/Pwm.o
 .debug_frame   0x00000190       0xd8 Driver/Timer.o
 .debug_frame   0x00000268      0x170 Hal/Hal.o
 .debug_frame   0x000003d8       0x24 Hal/SevenSeg.o
 .debug_frame   0x000003fc       0x84 System/Display.o
 .debug_frame   0x00000480       0x54 System/PortSensor.o
 .debug_frame   0x000004d4       0x44 System/PositionSensor.o
 .debug_frame   0x00000518       0x84 System/Sounds.o

.debug_str      0x00000000     0x17f7
 *(.debug_str)
 .debug_str     0x00000000      0x208 D:/Program Files (x86)/Atmel/Studio/7.0/Packs/atmel/ATmega_DFP/1.3.300/gcc/dev/atmega328p/avr5/crtatmega328p.o
 .debug_str     0x00000208      0x34f Appl/Appl.o
                                0x396 (size before relaxing)
 .debug_str     0x00000557      0x1d3 Appl/main.o
                                0x349 (size before relaxing)
 .debug_str     0x0000072a      0x1d6 Appl/OvenPositionControl.o
                                0x3b9 (size before relaxing)
 .debug_str     0x00000900      0x2dd Driver/Adc.o
                                0x46a (size before relaxing)
 .debug_str     0x00000bdd      0x13a Driver/Gpio.o
                                0x2e6 (size before relaxing)
 .debug_str     0x00000d17      0x1ca Driver/Pwm.o
                                0x3e7 (size before relaxing)
 .debug_str     0x00000ee1      0x278 Driver/Timer.o
                                0x432 (size before relaxing)
 .debug_str     0x00001159      0x2a7 Hal/Hal.o
                                0x689 (size before relaxing)
 .debug_str     0x00001400       0x33 Hal/SevenSeg.o
                                0x1cb (size before relaxing)
 .debug_str     0x00001433       0xd6 System/Display.o
                                0x436 (size before relaxing)
 .debug_str     0x00001509       0x64 System/PortSensor.o
                                0x240 (size before relaxing)
 .debug_str     0x0000156d       0x73 System/PositionSensor.o
                                0x29c (size before relaxing)
 .debug_str     0x000015e0      0x217 System/Sounds.o
                                0x50f (size before relaxing)

.debug_loc      0x00000000      0xed6
 *(.debug_loc)
 .debug_loc     0x00000000       0x30 Appl/OvenPositionControl.o
 .debug_loc     0x00000030      0x114 Driver/Adc.o
 .debug_loc     0x00000144      0x130 Driver/Gpio.o
 .debug_loc     0x00000274      0x26d Driver/Pwm.o
 .debug_loc     0x000004e1      0x1ff Driver/Timer.o
 .debug_loc     0x000006e0      0x42f Hal/Hal.o
 .debug_loc     0x00000b0f       0x97 Hal/SevenSeg.o
 .debug_loc     0x00000ba6      0x139 System/Display.o
 .debug_loc     0x00000cdf       0x58 System/PortSensor.o
 .debug_loc     0x00000d37       0x86 System/PositionSensor.o
 .debug_loc     0x00000dbd      0x119 System/Sounds.o

.debug_macinfo
 *(.debug_macinfo)

.debug_weaknames
 *(.debug_weaknames)

.debug_funcnames
 *(.debug_funcnames)

.debug_typenames
 *(.debug_typenames)

.debug_varnames
 *(.debug_varnames)

.debug_pubtypes
 *(.debug_pubtypes)

.debug_ranges   0x00000000      0x258
 *(.debug_ranges)
 .debug_ranges  0x00000000       0x18 Appl/Appl.o
 .debug_ranges  0x00000018       0x10 Appl/main.o
 .debug_ranges  0x00000028       0x20 Appl/OvenPositionControl.o
 .debug_ranges  0x00000048       0x28 Driver/Adc.o
 .debug_ranges  0x00000070       0x20 Driver/Gpio.o
 .debug_ranges  0x00000090       0x20 Driver/Pwm.o
 .debug_ranges  0x000000b0       0x60 Driver/Timer.o
 .debug_ranges  0x00000110       0x70 Hal/Hal.o
 .debug_ranges  0x00000180       0x10 Hal/SevenSeg.o
 .debug_ranges  0x00000190       0x40 System/Display.o
 .debug_ranges  0x000001d0       0x28 System/PortSensor.o
 .debug_ranges  0x000001f8       0x20 System/PositionSensor.o
 .debug_ranges  0x00000218       0x40 System/Sounds.o

.debug_macro
 *(.debug_macro)
OUTPUT(Elevador.elf elf32-avr)
LOAD linker stubs
