Archive member included to satisfy reference by file (symbol)

c:/program files (x86)/atmel/studio/7.0/toolchain/avr8/avr8-gnu-toolchain/bin/../lib/gcc/avr/5.4.0/avr5\libgcc.a(_divmodhi4.o)
                              Driver/Pwm.o (__divmodhi4)
c:/program files (x86)/atmel/studio/7.0/toolchain/avr8/avr8-gnu-toolchain/bin/../lib/gcc/avr/5.4.0/avr5\libgcc.a(_exit.o)
                              C:/Program Files (x86)/Atmel/Studio/7.0/Packs/atmel/ATmega_DFP/1.3.300/gcc/dev/atmega328p/avr5/crtatmega328p.o (exit)
c:/program files (x86)/atmel/studio/7.0/toolchain/avr8/avr8-gnu-toolchain/bin/../lib/gcc/avr/5.4.0/avr5\libgcc.a(_copy_data.o)
                              Driver/Adc.o (__do_copy_data)
c:/program files (x86)/atmel/studio/7.0/toolchain/avr8/avr8-gnu-toolchain/bin/../lib/gcc/avr/5.4.0/avr5\libgcc.a(_clear_bss.o)
                              Appl/Appl.o (__do_clear_bss)
c:/program files (x86)/atmel/studio/7.0/toolchain/avr8/avr8-gnu-toolchain/bin/../lib/gcc/avr/5.4.0/avr5\libgcc.a(_udivmodhi4.o)
                              c:/program files (x86)/atmel/studio/7.0/toolchain/avr8/avr8-gnu-toolchain/bin/../lib/gcc/avr/5.4.0/avr5\libgcc.a(_divmodhi4.o) (__udivmodhi4)

Allocating common symbols
Common symbol       size              file

Hms_1sec_Counter    0x2               Driver/Timer.o
People              0x1               System/PortSensor.o
Position            0x4               System/PositionSensor.o
Door_state          0x1               Appl/OvenPositionControl.o
AD_Channel          0x1               Hal/Hal.o
Floor_position      0x1               Appl/Appl.o
ADC_Buffer          0xc               Driver/Adc.o
Adc_Step            0x1               Driver/Adc.o
Oven_PositionControl_State
                    0x1               Appl/OvenPositionControl.o
Hal_Leds_Buffer     0x4               Hal/Hal.o
Segment_Floor_State
                    0x1               System/Display.o
PlaySound           0x1               System/Sounds.o
Oven_PositionControl_Solicitation
                    0x1               Appl/OvenPositionControl.o
Display_Keys_Map    0x1               System/Display.o
End_Cycle_Sound_Step
                    0x1               System/Sounds.o
AD_Sample           0xc               Hal/Hal.o
Hal_Analog_Inputs   0xc               Hal/Hal.o
AD_Mux_State        0x1               Hal/Hal.o
User_Action         0x1               Appl/Appl.o
AD_Counter          0x6               Hal/Hal.o
Hal_Keys_Buffer     0x1               Hal/Hal.o
current_position    0x2               Appl/OvenPositionControl.o
Port_movie          0x1               System/PortSensor.o
PowerON_Sound_Step  0x1               System/Sounds.o
Key_Press_Sound_Step
                    0x1               System/Sounds.o
Sensor_status       0x1               System/PortSensor.o
Timer_Counter       0x1               Appl/Appl.o
Port_status         0x1               System/PortSensor.o
Sampling_Time       0x1               Driver/Adc.o
Trigger             0x1               Appl/Appl.o
Toggle              0x1               Appl/Appl.o
Slot                0x1               Appl/main.o
Adc_Channel         0x1               Driver/Adc.o
Oven_Display_State  0x1               System/Display.o
Ms_Timers           0xf               Driver/Timer.o
Hms_Timers          0x1c              Driver/Timer.o
AD_Accumulator      0xc               Hal/Hal.o

Discarded input sections

 .data          0x00000000        0x0 C:/Program Files (x86)/Atmel/Studio/7.0/Packs/atmel/ATmega_DFP/1.3.300/gcc/dev/atmega328p/avr5/crtatmega328p.o
 .bss           0x00000000        0x0 C:/Program Files (x86)/Atmel/Studio/7.0/Packs/atmel/ATmega_DFP/1.3.300/gcc/dev/atmega328p/avr5/crtatmega328p.o
 .text          0x00000000        0x0 Appl/Appl.o
 .data          0x00000000        0x0 Appl/Appl.o
 .bss           0x00000000        0x0 Appl/Appl.o
 .text          0x00000000        0x0 Appl/main.o
 .data          0x00000000        0x0 Appl/main.o
 .bss           0x00000000        0x0 Appl/main.o
 .text          0x00000000        0x0 Appl/OvenPositionControl.o
 .data          0x00000000        0x0 Appl/OvenPositionControl.o
 .bss           0x00000000        0x0 Appl/OvenPositionControl.o
 .text          0x00000000        0x0 Driver/Adc.o
 .data          0x00000000        0x0 Driver/Adc.o
 .bss           0x00000000        0x0 Driver/Adc.o
 .rodata.ADC_BIT_CLR_MASK
                0x00000000        0x6 Driver/Adc.o
 .text          0x00000000        0x0 Driver/Gpio.o
 .data          0x00000000        0x0 Driver/Gpio.o
 .bss           0x00000000        0x0 Driver/Gpio.o
 .text          0x00000000        0x0 Driver/Pwm.o
 .data          0x00000000        0x0 Driver/Pwm.o
 .bss           0x00000000        0x0 Driver/Pwm.o
 .text          0x00000000        0x0 Driver/Timer.o
 .data          0x00000000        0x0 Driver/Timer.o
 .bss           0x00000000        0x0 Driver/Timer.o
 .text.Timer__MsHandler
                0x00000000       0x28 Driver/Timer.o
 .text.Timer__MsSet
                0x00000000       0x3c Driver/Timer.o
 .text.Timer__MsExpire
                0x00000000       0x1e Driver/Timer.o
 .text.Timer__MsGetStatus
                0x00000000       0x16 Driver/Timer.o
 .text.Timer__HMSExpire
                0x00000000       0x1e Driver/Timer.o
 .text.Timer__HMSGetTime
                0x00000000       0x12 Driver/Timer.o
 .rodata.Hms_1sec_TimeBase
                0x00000000        0x2 Driver/Timer.o
 .text          0x00000000        0x0 Hal/Hal.o
 .data          0x00000000        0x0 Hal/Hal.o
 .bss           0x00000000        0x0 Hal/Hal.o
 .text          0x00000000        0x0 Hal/SevenSeg.o
 .data          0x00000000        0x0 Hal/SevenSeg.o
 .bss           0x00000000        0x0 Hal/SevenSeg.o
 .rodata.SEGMENT_MAP_DIGIT
                0x00000000        0xa Hal/SevenSeg.o
 .text          0x00000000        0x0 System/Display.o
 .data          0x00000000        0x0 System/Display.o
 .bss           0x00000000        0x0 System/Display.o
 .text.Display__Handler
                0x00000000        0xe System/Display.o
 .text          0x00000000        0x0 System/PortSensor.o
 .data          0x00000000        0x0 System/PortSensor.o
 .bss           0x00000000        0x0 System/PortSensor.o
 .text.PortSensor__Initialize
                0x00000000       0x10 System/PortSensor.o
 .text.PortStatus
                0x00000000        0x6 System/PortSensor.o
 .text          0x00000000        0x0 System/PositionSensor.o
 .data          0x00000000        0x0 System/PositionSensor.o
 .bss           0x00000000        0x0 System/PositionSensor.o
 .rodata.PositionSensor_Enable_Table
                0x00000000        0x2 System/PositionSensor.o
 .rodata.PositionSensorTable
                0x00000000        0x2 System/PositionSensor.o
 .text          0x00000000        0x0 System/Sounds.o
 .data          0x00000000        0x0 System/Sounds.o
 .bss           0x00000000        0x0 System/Sounds.o
 .text.Sounds__GetSounds
                0x00000000        0x6 System/Sounds.o
 .bss.EndCycleSound_Counter
                0x00000000        0x1 System/Sounds.o
 .text          0x00000000        0x0 c:/program files (x86)/atmel/studio/7.0/toolchain/avr8/avr8-gnu-toolchain/bin/../lib/gcc/avr/5.4.0/avr5\libgcc.a(_divmodhi4.o)
 .data          0x00000000        0x0 c:/program files (x86)/atmel/studio/7.0/toolchain/avr8/avr8-gnu-toolchain/bin/../lib/gcc/avr/5.4.0/avr5\libgcc.a(_divmodhi4.o)
 .bss           0x00000000        0x0 c:/program files (x86)/atmel/studio/7.0/toolchain/avr8/avr8-gnu-toolchain/bin/../lib/gcc/avr/5.4.0/avr5\libgcc.a(_divmodhi4.o)
 .text.libgcc.mul
                0x00000000        0x0 c:/program files (x86)/atmel/studio/7.0/toolchain/avr8/avr8-gnu-toolchain/bin/../lib/gcc/avr/5.4.0/avr5\libgcc.a(_divmodhi4.o)
 .text.libgcc   0x00000000        0x0 c:/program files (x86)/atmel/studio/7.0/toolchain/avr8/avr8-gnu-toolchain/bin/../lib/gcc/avr/5.4.0/avr5\libgcc.a(_divmodhi4.o)
 .text.libgcc.prologue
                0x00000000        0x0 c:/program files (x86)/atmel/studio/7.0/toolchain/avr8/avr8-gnu-toolchain/bin/../lib/gcc/avr/5.4.0/avr5\libgcc.a(_divmodhi4.o)
 .text.libgcc.builtins
                0x00000000        0x0 c:/program files (x86)/atmel/studio/7.0/toolchain/avr8/avr8-gnu-toolchain/bin/../lib/gcc/avr/5.4.0/avr5\libgcc.a(_divmodhi4.o)
 .text.libgcc.fmul
                0x00000000        0x0 c:/program files (x86)/atmel/studio/7.0/toolchain/avr8/avr8-gnu-toolchain/bin/../lib/gcc/avr/5.4.0/avr5\libgcc.a(_divmodhi4.o)
 .text.libgcc.fixed
                0x00000000        0x0 c:/program files (x86)/atmel/studio/7.0/toolchain/avr8/avr8-gnu-toolchain/bin/../lib/gcc/avr/5.4.0/avr5\libgcc.a(_divmodhi4.o)
 .text          0x00000000        0x0 c:/program files (x86)/atmel/studio/7.0/toolchain/avr8/avr8-gnu-toolchain/bin/../lib/gcc/avr/5.4.0/avr5\libgcc.a(_exit.o)
 .data          0x00000000        0x0 c:/program files (x86)/atmel/studio/7.0/toolchain/avr8/avr8-gnu-toolchain/bin/../lib/gcc/avr/5.4.0/avr5\libgcc.a(_exit.o)
 .bss           0x00000000        0x0 c:/program files (x86)/atmel/studio/7.0/toolchain/avr8/avr8-gnu-toolchain/bin/../lib/gcc/avr/5.4.0/avr5\libgcc.a(_exit.o)
 .text.libgcc.mul
                0x00000000        0x0 c:/program files (x86)/atmel/studio/7.0/toolchain/avr8/avr8-gnu-toolchain/bin/../lib/gcc/avr/5.4.0/avr5\libgcc.a(_exit.o)
 .text.libgcc.div
                0x00000000        0x0 c:/program files (x86)/atmel/studio/7.0/toolchain/avr8/avr8-gnu-toolchain/bin/../lib/gcc/avr/5.4.0/avr5\libgcc.a(_exit.o)
 .text.libgcc   0x00000000        0x0 c:/program files (x86)/atmel/studio/7.0/toolchain/avr8/avr8-gnu-toolchain/bin/../lib/gcc/avr/5.4.0/avr5\libgcc.a(_exit.o)
 .text.libgcc.prologue
                0x00000000        0x0 c:/program files (x86)/atmel/studio/7.0/toolchain/avr8/avr8-gnu-toolchain/bin/../lib/gcc/avr/5.4.0/avr5\libgcc.a(_exit.o)
 .text.libgcc.builtins
                0x00000000        0x0 c:/program files (x86)/atmel/studio/7.0/toolchain/avr8/avr8-gnu-toolchain/bin/../lib/gcc/avr/5.4.0/avr5\libgcc.a(_exit.o)
 .text.libgcc.fmul
                0x00000000        0x0 c:/program files (x86)/atmel/studio/7.0/toolchain/avr8/avr8-gnu-toolchain/bin/../lib/gcc/avr/5.4.0/avr5\libgcc.a(_exit.o)
 .text.libgcc.fixed
                0x00000000        0x0 c:/program files (x86)/atmel/studio/7.0/toolchain/avr8/avr8-gnu-toolchain/bin/../lib/gcc/avr/5.4.0/avr5\libgcc.a(_exit.o)
 .text          0x00000000        0x0 c:/program files (x86)/atmel/studio/7.0/toolchain/avr8/avr8-gnu-toolchain/bin/../lib/gcc/avr/5.4.0/avr5\libgcc.a(_copy_data.o)
 .data          0x00000000        0x0 c:/program files (x86)/atmel/studio/7.0/toolchain/avr8/avr8-gnu-toolchain/bin/../lib/gcc/avr/5.4.0/avr5\libgcc.a(_copy_data.o)
 .bss           0x00000000        0x0 c:/program files (x86)/atmel/studio/7.0/toolchain/avr8/avr8-gnu-toolchain/bin/../lib/gcc/avr/5.4.0/avr5\libgcc.a(_copy_data.o)
 .text.libgcc.mul
                0x00000000        0x0 c:/program files (x86)/atmel/studio/7.0/toolchain/avr8/avr8-gnu-toolchain/bin/../lib/gcc/avr/5.4.0/avr5\libgcc.a(_copy_data.o)
 .text.libgcc.div
                0x00000000        0x0 c:/program files (x86)/atmel/studio/7.0/toolchain/avr8/avr8-gnu-toolchain/bin/../lib/gcc/avr/5.4.0/avr5\libgcc.a(_copy_data.o)
 .text.libgcc   0x00000000        0x0 c:/program files (x86)/atmel/studio/7.0/toolchain/avr8/avr8-gnu-toolchain/bin/../lib/gcc/avr/5.4.0/avr5\libgcc.a(_copy_data.o)
 .text.libgcc.prologue
                0x00000000        0x0 c:/program files (x86)/atmel/studio/7.0/toolchain/avr8/avr8-gnu-toolchain/bin/../lib/gcc/avr/5.4.0/avr5\libgcc.a(_copy_data.o)
 .text.libgcc.builtins
                0x00000000        0x0 c:/program files (x86)/atmel/studio/7.0/toolchain/avr8/avr8-gnu-toolchain/bin/../lib/gcc/avr/5.4.0/avr5\libgcc.a(_copy_data.o)
 .text.libgcc.fmul
                0x00000000        0x0 c:/program files (x86)/atmel/studio/7.0/toolchain/avr8/avr8-gnu-toolchain/bin/../lib/gcc/avr/5.4.0/avr5\libgcc.a(_copy_data.o)
 .text.libgcc.fixed
                0x00000000        0x0 c:/program files (x86)/atmel/studio/7.0/toolchain/avr8/avr8-gnu-toolchain/bin/../lib/gcc/avr/5.4.0/avr5\libgcc.a(_copy_data.o)
 .text          0x00000000        0x0 c:/program files (x86)/atmel/studio/7.0/toolchain/avr8/avr8-gnu-toolchain/bin/../lib/gcc/avr/5.4.0/avr5\libgcc.a(_clear_bss.o)
 .data          0x00000000        0x0 c:/program files (x86)/atmel/studio/7.0/toolchain/avr8/avr8-gnu-toolchain/bin/../lib/gcc/avr/5.4.0/avr5\libgcc.a(_clear_bss.o)
 .bss           0x00000000        0x0 c:/program files (x86)/atmel/studio/7.0/toolchain/avr8/avr8-gnu-toolchain/bin/../lib/gcc/avr/5.4.0/avr5\libgcc.a(_clear_bss.o)
 .text.libgcc.mul
                0x00000000        0x0 c:/program files (x86)/atmel/studio/7.0/toolchain/avr8/avr8-gnu-toolchain/bin/../lib/gcc/avr/5.4.0/avr5\libgcc.a(_clear_bss.o)
 .text.libgcc.div
                0x00000000        0x0 c:/program files (x86)/atmel/studio/7.0/toolchain/avr8/avr8-gnu-toolchain/bin/../lib/gcc/avr/5.4.0/avr5\libgcc.a(_clear_bss.o)
 .text.libgcc   0x00000000        0x0 c:/program files (x86)/atmel/studio/7.0/toolchain/avr8/avr8-gnu-toolchain/bin/../lib/gcc/avr/5.4.0/avr5\libgcc.a(_clear_bss.o)
 .text.libgcc.prologue
                0x00000000        0x0 c:/program files (x86)/atmel/studio/7.0/toolchain/avr8/avr8-gnu-toolchain/bin/../lib/gcc/avr/5.4.0/avr5\libgcc.a(_clear_bss.o)
 .text.libgcc.builtins
                0x00000000        0x0 c:/program files (x86)/atmel/studio/7.0/toolchain/avr8/avr8-gnu-toolchain/bin/../lib/gcc/avr/5.4.0/avr5\libgcc.a(_clear_bss.o)
 .text.libgcc.fmul
                0x00000000        0x0 c:/program files (x86)/atmel/studio/7.0/toolchain/avr8/avr8-gnu-toolchain/bin/../lib/gcc/avr/5.4.0/avr5\libgcc.a(_clear_bss.o)
 .text.libgcc.fixed
                0x00000000        0x0 c:/program files (x86)/atmel/studio/7.0/toolchain/avr8/avr8-gnu-toolchain/bin/../lib/gcc/avr/5.4.0/avr5\libgcc.a(_clear_bss.o)
 .text          0x00000000        0x0 c:/program files (x86)/atmel/studio/7.0/toolchain/avr8/avr8-gnu-toolchain/bin/../lib/gcc/avr/5.4.0/avr5\libgcc.a(_udivmodhi4.o)
 .data          0x00000000        0x0 c:/program files (x86)/atmel/studio/7.0/toolchain/avr8/avr8-gnu-toolchain/bin/../lib/gcc/avr/5.4.0/avr5\libgcc.a(_udivmodhi4.o)
 .bss           0x00000000        0x0 c:/program files (x86)/atmel/studio/7.0/toolchain/avr8/avr8-gnu-toolchain/bin/../lib/gcc/avr/5.4.0/avr5\libgcc.a(_udivmodhi4.o)
 .text.libgcc.mul
                0x00000000        0x0 c:/program files (x86)/atmel/studio/7.0/toolchain/avr8/avr8-gnu-toolchain/bin/../lib/gcc/avr/5.4.0/avr5\libgcc.a(_udivmodhi4.o)
 .text.libgcc   0x00000000        0x0 c:/program files (x86)/atmel/studio/7.0/toolchain/avr8/avr8-gnu-toolchain/bin/../lib/gcc/avr/5.4.0/avr5\libgcc.a(_udivmodhi4.o)
 .text.libgcc.prologue
                0x00000000        0x0 c:/program files (x86)/atmel/studio/7.0/toolchain/avr8/avr8-gnu-toolchain/bin/../lib/gcc/avr/5.4.0/avr5\libgcc.a(_udivmodhi4.o)
 .text.libgcc.builtins
                0x00000000        0x0 c:/program files (x86)/atmel/studio/7.0/toolchain/avr8/avr8-gnu-toolchain/bin/../lib/gcc/avr/5.4.0/avr5\libgcc.a(_udivmodhi4.o)
 .text.libgcc.fmul
                0x00000000        0x0 c:/program files (x86)/atmel/studio/7.0/toolchain/avr8/avr8-gnu-toolchain/bin/../lib/gcc/avr/5.4.0/avr5\libgcc.a(_udivmodhi4.o)
 .text.libgcc.fixed
                0x00000000        0x0 c:/program files (x86)/atmel/studio/7.0/toolchain/avr8/avr8-gnu-toolchain/bin/../lib/gcc/avr/5.4.0/avr5\libgcc.a(_udivmodhi4.o)

Memory Configuration

Name             Origin             Length             Attributes
text             0x00000000         0x00020000         xr
data             0x00800060         0x0000ffa0         rw !x
eeprom           0x00810000         0x00010000         rw !x
fuse             0x00820000         0x00000003         rw !x
lock             0x00830000         0x00000400         rw !x
signature        0x00840000         0x00000400         rw !x
user_signatures  0x00850000         0x00000400         rw !x
*default*        0x00000000         0xffffffff

Linker script and memory map

Address of section .data set to 0x800100
LOAD C:/Program Files (x86)/Atmel/Studio/7.0/Packs/atmel/ATmega_DFP/1.3.300/gcc/dev/atmega328p/avr5/crtatmega328p.o
LOAD Appl/Appl.o
LOAD Appl/main.o
LOAD Appl/OvenPositionControl.o
LOAD Driver/Adc.o
LOAD Driver/Gpio.o
LOAD Driver/Pwm.o
LOAD Driver/Timer.o
LOAD Hal/Hal.o
LOAD Hal/SevenSeg.o
LOAD System/Display.o
LOAD System/PortSensor.o
LOAD System/PositionSensor.o
LOAD System/Sounds.o
START GROUP
LOAD c:/program files (x86)/atmel/studio/7.0/toolchain/avr8/avr8-gnu-toolchain/bin/../lib/gcc/avr/5.4.0/../../../../avr/lib/avr5\libm.a
END GROUP
START GROUP
LOAD c:/program files (x86)/atmel/studio/7.0/toolchain/avr8/avr8-gnu-toolchain/bin/../lib/gcc/avr/5.4.0/avr5\libgcc.a
LOAD c:/program files (x86)/atmel/studio/7.0/toolchain/avr8/avr8-gnu-toolchain/bin/../lib/gcc/avr/5.4.0/../../../../avr/lib/avr5\libm.a
LOAD c:/program files (x86)/atmel/studio/7.0/toolchain/avr8/avr8-gnu-toolchain/bin/../lib/gcc/avr/5.4.0/../../../../avr/lib/avr5\libc.a
LOAD C:/Program Files (x86)/Atmel/Studio/7.0/Packs/atmel/ATmega_DFP/1.3.300/gcc/dev/atmega328p/avr5\libatmega328p.a
END GROUP
                0x00000000                __TEXT_REGION_ORIGIN__ = DEFINED (__TEXT_REGION_ORIGIN__)?__TEXT_REGION_ORIGIN__:0x0
                0x00800060                __DATA_REGION_ORIGIN__ = DEFINED (__DATA_REGION_ORIGIN__)?__DATA_REGION_ORIGIN__:0x800060
                0x00020000                __TEXT_REGION_LENGTH__ = DEFINED (__TEXT_REGION_LENGTH__)?__TEXT_REGION_LENGTH__:0x20000
                0x0000ffa0                __DATA_REGION_LENGTH__ = DEFINED (__DATA_REGION_LENGTH__)?__DATA_REGION_LENGTH__:0xffa0
                0x00010000                __EEPROM_REGION_LENGTH__ = DEFINED (__EEPROM_REGION_LENGTH__)?__EEPROM_REGION_LENGTH__:0x10000
                [0x00000003]                __FUSE_REGION_LENGTH__ = DEFINED (__FUSE_REGION_LENGTH__)?__FUSE_REGION_LENGTH__:0x400
                0x00000400                __LOCK_REGION_LENGTH__ = DEFINED (__LOCK_REGION_LENGTH__)?__LOCK_REGION_LENGTH__:0x400
                0x00000400                __SIGNATURE_REGION_LENGTH__ = DEFINED (__SIGNATURE_REGION_LENGTH__)?__SIGNATURE_REGION_LENGTH__:0x400
                0x00000400                __USER_SIGNATURE_REGION_LENGTH__ = DEFINED (__USER_SIGNATURE_REGION_LENGTH__)?__USER_SIGNATURE_REGION_LENGTH__:0x400

.hash
 *(.hash)

.dynsym
 *(.dynsym)

.dynstr
 *(.dynstr)

.gnu.version
 *(.gnu.version)

.gnu.version_d
 *(.gnu.version_d)

.gnu.version_r
 *(.gnu.version_r)

.rel.init
 *(.rel.init)

.rela.init
 *(.rela.init)

.rel.text
 *(.rel.text)
 *(.rel.text.*)
 *(.rel.gnu.linkonce.t*)

.rela.text
 *(.rela.text)
 *(.rela.text.*)
 *(.rela.gnu.linkonce.t*)

.rel.fini
 *(.rel.fini)

.rela.fini
 *(.rela.fini)

.rel.rodata
 *(.rel.rodata)
 *(.rel.rodata.*)
 *(.rel.gnu.linkonce.r*)

.rela.rodata
 *(.rela.rodata)
 *(.rela.rodata.*)
 *(.rela.gnu.linkonce.r*)

.rel.data
 *(.rel.data)
 *(.rel.data.*)
 *(.rel.gnu.linkonce.d*)

.rela.data
 *(.rela.data)
 *(.rela.data.*)
 *(.rela.gnu.linkonce.d*)

.rel.ctors
 *(.rel.ctors)

.rela.ctors
 *(.rela.ctors)

.rel.dtors
 *(.rel.dtors)

.rela.dtors
 *(.rela.dtors)

.rel.got
 *(.rel.got)

.rela.got
 *(.rela.got)

.rel.bss
 *(.rel.bss)

.rela.bss
 *(.rela.bss)

.rel.plt
 *(.rel.plt)

.rela.plt
 *(.rela.plt)

.text           0x00000000     0x1000
 *(.vectors)
 .vectors       0x00000000       0x68 C:/Program Files (x86)/Atmel/Studio/7.0/Packs/atmel/ATmega_DFP/1.3.300/gcc/dev/atmega328p/avr5/crtatmega328p.o
                0x00000000                __vector_default
                0x00000000                __vectors
 *(.vectors)
 *(.progmem.gcc*)
                0x00000068                . = ALIGN (0x2)
                0x00000068                __trampolines_start = .
 *(.trampolines)
 .trampolines   0x00000068        0x0 linker stubs
 *(.trampolines*)
                0x00000068                __trampolines_end = .
 *libprintf_flt.a:*(.progmem.data)
 *libc.a:*(.progmem.data)
 *(.progmem*)
                0x00000068                . = ALIGN (0x2)
 *(.jumptables)
 *(.jumptables*)
 *(.lowtext)
 *(.lowtext*)
                0x00000068                __ctors_start = .
 *(.ctors)
                0x00000068                __ctors_end = .
                0x00000068                __dtors_start = .
 *(.dtors)
                0x00000068                __dtors_end = .
 SORT(*)(.ctors)
 SORT(*)(.dtors)
 *(.init0)
 .init0         0x00000068        0x0 C:/Program Files (x86)/Atmel/Studio/7.0/Packs/atmel/ATmega_DFP/1.3.300/gcc/dev/atmega328p/avr5/crtatmega328p.o
                0x00000068                __init
 *(.init0)
 *(.init1)
 *(.init1)
 *(.init2)
 .init2         0x00000068        0xc C:/Program Files (x86)/Atmel/Studio/7.0/Packs/atmel/ATmega_DFP/1.3.300/gcc/dev/atmega328p/avr5/crtatmega328p.o
 *(.init2)
 *(.init3)
 *(.init3)
 *(.init4)
 .init4         0x00000074       0x16 c:/program files (x86)/atmel/studio/7.0/toolchain/avr8/avr8-gnu-toolchain/bin/../lib/gcc/avr/5.4.0/avr5\libgcc.a(_copy_data.o)
                0x00000074                __do_copy_data
 .init4         0x0000008a       0x10 c:/program files (x86)/atmel/studio/7.0/toolchain/avr8/avr8-gnu-toolchain/bin/../lib/gcc/avr/5.4.0/avr5\libgcc.a(_clear_bss.o)
                0x0000008a                __do_clear_bss
 *(.init4)
 *(.init5)
 *(.init5)
 *(.init6)
 *(.init6)
 *(.init7)
 *(.init7)
 *(.init8)
 *(.init8)
 *(.init9)
 .init9         0x0000009a        0x8 C:/Program Files (x86)/Atmel/Studio/7.0/Packs/atmel/ATmega_DFP/1.3.300/gcc/dev/atmega328p/avr5/crtatmega328p.o
 *(.init9)
 *(.text)
 .text          0x000000a2        0x4 C:/Program Files (x86)/Atmel/Studio/7.0/Packs/atmel/ATmega_DFP/1.3.300/gcc/dev/atmega328p/avr5/crtatmega328p.o
                0x000000a2                __vector_22
                0x000000a2                __vector_1
                0x000000a2                __vector_24
                0x000000a2                __vector_12
                0x000000a2                __bad_interrupt
                0x000000a2                __vector_6
                0x000000a2                __vector_3
                0x000000a2                __vector_23
                0x000000a2                __vector_25
                0x000000a2                __vector_11
                0x000000a2                __vector_17
                0x000000a2                __vector_19
                0x000000a2                __vector_7
                0x000000a2                __vector_5
                0x000000a2                __vector_4
                0x000000a2                __vector_9
                0x000000a2                __vector_2
                0x000000a2                __vector_21
                0x000000a2                __vector_15
                0x000000a2                __vector_8
                0x000000a2                __vector_14
                0x000000a2                __vector_10
                0x000000a2                __vector_16
                0x000000a2                __vector_18
                0x000000a2                __vector_20
                0x000000a6                . = ALIGN (0x2)
 *(.text.*)
 .text.Appl__Initialize
                0x000000a6       0x1c Appl/Appl.o
                0x000000a6                Appl__Initialize
 .text.Appl__Handler
                0x000000c2       0x82 Appl/Appl.o
                0x000000c2                Appl__Handler
 .text.main     0x00000144       0xbc Appl/main.o
                0x00000144                main
 .text.OvenPositionControl__Initialize
                0x00000200        0x6 Appl/OvenPositionControl.o
                0x00000200                OvenPositionControl__Initialize
 .text.OvenPosition__SetSolicitation
                0x00000206       0x4a Appl/OvenPositionControl.o
                0x00000206                OvenPosition__SetSolicitation
 .text.OvenPositionControl__Handler
                0x00000250       0x44 Appl/OvenPositionControl.o
                0x00000250                OvenPositionControl__Handler
 .text.ADC__Initialize
                0x00000294       0x52 Driver/Adc.o
                0x00000294                ADC__Initialize
 .text.ADC__Handler
                0x000002e6       0xd8 Driver/Adc.o
                0x000002e6                ADC__Handler
 .text.ADC__ConfigModes
                0x000003be       0x52 Driver/Adc.o
                0x000003be                ADC__ConfigModes
 .text.ADC__GetValue
                0x00000410       0x1c Driver/Adc.o
                0x00000410                ADC__GetValue
 .text.Gpio__PinConfig
                0x0000042c       0x6c Driver/Gpio.o
                0x0000042c                Gpio__PinConfig
 .text.Gpio__PinWrite
                0x00000498       0x54 Driver/Gpio.o
                0x00000498                Gpio__PinWrite
 .text.Gpio__PinRead
                0x000004ec       0x28 Driver/Gpio.o
                0x000004ec                Gpio__PinRead
 .text.Pwm__SetTCFrequency
                0x00000514      0x148 Driver/Pwm.o
                0x00000514                Pwm__SetTCFrequency
 .text.Pwm__Initialize
                0x0000065c       0x20 Driver/Pwm.o
                0x0000065c                Pwm__Initialize
 .text.Pwm__SetDutyCycle
                0x0000067c       0xa2 Driver/Pwm.o
                0x0000067c                Pwm__SetDutyCycle
 .text.Timer__Initialize
                0x0000071e       0x30 Driver/Timer.o
                0x0000071e                Timer__Initialize
 .text.Timer__HMSHandler
                0x0000074e       0x5a Driver/Timer.o
                0x0000074e                Timer__HMSHandler
 .text.Timer__HMSSet
                0x000007a8       0x36 Driver/Timer.o
                0x000007a8                Timer__HMSSet
 .text.Timer__HMSGetStatus
                0x000007de       0x12 Driver/Timer.o
                0x000007de                Timer__HMSGetStatus
 .text.__vector_13
                0x000007f0       0x36 Driver/Timer.o
                0x000007f0                __vector_13
 .text.Hal__SetLed
                0x00000826       0x1c Hal/Hal.o
                0x00000826                Hal__SetLed
 .text.Hal__SetAllLeds
                0x00000842       0x1e Hal/Hal.o
                0x00000842                Hal__SetAllLeds
 .text.Hal__Initialize
                0x00000860       0x98 Hal/Hal.o
                0x00000860                Hal__Initialize
 .text.Hal__ReadKey
                0x000008f8       0x26 Hal/Hal.o
                0x000008f8                Hal__ReadKey
 .text.Hal__WriteValtoSegment
                0x0000091e        0x6 Hal/Hal.o
                0x0000091e                Hal__WriteValtoSegment
 .text.Hal__GetAnalogInput
                0x00000924       0x18 Hal/Hal.o
                0x00000924                Hal__GetAnalogInput
 .text.Hal__SetBuzzer
                0x0000093c       0x18 Hal/Hal.o
                0x0000093c                Hal__SetBuzzer
 .text.Hal__SetBuzzerFreq
                0x00000954       0x12 Hal/Hal.o
                0x00000954                Hal__SetBuzzerFreq
 .text.LEDsUpdate
                0x00000966       0x7c Hal/Hal.o
                0x00000966                LEDsUpdate
 .text.KeysRead
                0x000009e2       0xae Hal/Hal.o
                0x000009e2                KeysRead
 .text.Hal__FastHandler
                0x00000a90        0xa Hal/Hal.o
                0x00000a90                Hal__FastHandler
 .text.ADProcess
                0x00000a9a       0xe8 Hal/Hal.o
                0x00000a9a                ADProcess
 .text.Hal__BackgroundHandler
                0x00000b82        0x6 Hal/Hal.o
                0x00000b82                Hal__BackgroundHandler
 .text.SevenSeg_WriteValueToSegment
                0x00000b88       0x62 Hal/SevenSeg.o
                0x00000b88                SevenSeg_WriteValueToSegment
 .text.Display__Initialize
                0x00000bea        0x6 System/Display.o
                0x00000bea                Display__Initialize
 .text.Display__SetState
                0x00000bf0        0xa System/Display.o
                0x00000bf0                Display__SetState
 .text.UpdateDisplayLeds
                0x00000bfa       0x78 System/Display.o
                0x00000bfa                UpdateDisplayLeds
 .text.ReadDisplayKeys
                0x00000c72       0x34 System/Display.o
                0x00000c72                ReadDisplayKeys
 .text.Display__GetEvent
                0x00000ca6        0xa System/Display.o
                0x00000ca6                Display__GetEvent
 .text.UpdateDisplaySevenSeg
                0x00000cb0       0x6a System/Display.o
                0x00000cb0                UpdateDisplaySevenSeg
 .text.ReadSensor
                0x00000d1a        0xc System/PortSensor.o
                0x00000d1a                ReadSensor
 .text.PortSensor__Movie
                0x00000d26       0x32 System/PortSensor.o
                0x00000d26                PortSensor__Movie
 .text.PositionSensor__Initialize
                0x00000d58        0xe System/PositionSensor.o
                0x00000d58                PositionSensor__Initialize
 .text.PositionSensor__ConversionHandler
                0x00000d66       0x10 System/PositionSensor.o
                0x00000d66                PositionSensor__ConversionHandler
 .text.PositionSensor__GetMeters
                0x00000d76       0x1c System/PositionSensor.o
                0x00000d76                PositionSensor__GetMeters
 .text.Sounds__Initialize
                0x00000d92       0x16 System/Sounds.o
                0x00000d92                Sounds__Initialize
 .text.Sounds__PlaySounds
                0x00000da8       0x12 System/Sounds.o
                0x00000da8                Sounds__PlaySounds
 .text.PowerOnSoundHandler
                0x00000dba      0x110 System/Sounds.o
                0x00000dba                PowerOnSoundHandler
 .text.KeyPressSoundHandler
                0x00000eca       0x4a System/Sounds.o
                0x00000eca                KeyPressSoundHandler
 .text.EndCycleSoundHandler
                0x00000f14       0x4c System/Sounds.o
                0x00000f14                EndCycleSoundHandler
 .text.Sounds__Background
                0x00000f60       0x4c System/Sounds.o
                0x00000f60                Sounds__Background
 .text.libgcc.div
                0x00000fac       0x28 c:/program files (x86)/atmel/studio/7.0/toolchain/avr8/avr8-gnu-toolchain/bin/../lib/gcc/avr/5.4.0/avr5\libgcc.a(_divmodhi4.o)
                0x00000fac                _div
                0x00000fac                __divmodhi4
 .text.libgcc.div
                0x00000fd4       0x28 c:/program files (x86)/atmel/studio/7.0/toolchain/avr8/avr8-gnu-toolchain/bin/../lib/gcc/avr/5.4.0/avr5\libgcc.a(_udivmodhi4.o)
                0x00000fd4                __udivmodhi4
                0x00000ffc                . = ALIGN (0x2)
 *(.fini9)
 .fini9         0x00000ffc        0x0 c:/program files (x86)/atmel/studio/7.0/toolchain/avr8/avr8-gnu-toolchain/bin/../lib/gcc/avr/5.4.0/avr5\libgcc.a(_exit.o)
                0x00000ffc                _exit
                0x00000ffc                exit
 *(.fini9)
 *(.fini8)
 *(.fini8)
 *(.fini7)
 *(.fini7)
 *(.fini6)
 *(.fini6)
 *(.fini5)
 *(.fini5)
 *(.fini4)
 *(.fini4)
 *(.fini3)
 *(.fini3)
 *(.fini2)
 *(.fini2)
 *(.fini1)
 *(.fini1)
 *(.fini0)
 .fini0         0x00000ffc        0x4 c:/program files (x86)/atmel/studio/7.0/toolchain/avr8/avr8-gnu-toolchain/bin/../lib/gcc/avr/5.4.0/avr5\libgcc.a(_exit.o)
 *(.fini0)
                0x00001000                _etext = .

.data           0x00800100       0x52 load address 0x00001000
                0x00800100                PROVIDE (__data_start, .)
 *(.data)
 *(.data*)
 .data.GPIO_DATA_LIST
                0x00800100        0x6 Driver/Gpio.o
                0x00800100                GPIO_DATA_LIST
 .data.KEYS_GPIO
                0x00800106        0x8 Hal/Hal.o
                0x00800106                KEYS_GPIO
 .data.LED_GPIO
                0x0080010e        0x8 Hal/Hal.o
                0x0080010e                LED_GPIO
 .data.FIRST_DIGIT
                0x00800116        0x4 System/Display.o
                0x00800116                FIRST_DIGIT
 .data.GROUD_DIGIT
                0x0080011a        0x4 System/Display.o
                0x0080011a                GROUD_DIGIT
 *(.gnu.linkonce.d*)
 *(.rodata)
 *(.rodata*)
 .rodata.ADC_BIT_SET_MASK
                0x0080011e        0x6 Driver/Adc.o
                0x0080011e                ADC_BIT_SET_MASK
 .rodata.Adc_Enable_Table
                0x00800124        0x6 Driver/Adc.o
                0x00800124                Adc_Enable_Table
 .rodata.GPIO_PIN_CLR_MASK
                0x0080012a        0x8 Driver/Gpio.o
                0x0080012a                GPIO_PIN_CLR_MASK
 .rodata.GPIO_PIN_SET_MASK
                0x00800132        0x8 Driver/Gpio.o
                0x00800132                GPIO_PIN_SET_MASK
 .rodata.AD_Channel_Table
                0x0080013a        0x6 Hal/Hal.o
                0x0080013a                AD_Channel_Table
 .rodata.AD_Enable_Table
                0x00800140        0x6 Hal/Hal.o
                0x00800140                AD_Enable_Table
 .rodata.Keys_Enable_Table
                0x00800146        0x4 Hal/Hal.o
                0x00800146                Keys_Enable_Table
 .rodata.Leds_Enable_Table
                0x0080014a        0x4 Hal/Hal.o
                0x0080014a                Leds_Enable_Table
 .rodata.SEGMENT_SELECT
                0x0080014e        0x4 Hal/SevenSeg.o
                0x0080014e                SEGMENT_SELECT
 *(.gnu.linkonce.r*)
                0x00800152                . = ALIGN (0x2)
                0x00800152                _edata = .
                0x00800152                PROVIDE (__data_end, .)

.bss            0x00800152       0x88
                0x00800152                PROVIDE (__bss_start, .)
 *(.bss)
 *(.bss*)
 .bss.flag_seg  0x00800152        0x1 Driver/Timer.o
                0x00800152                flag_seg
 *(COMMON)
 COMMON         0x00800153        0x5 Appl/Appl.o
                0x00800153                Floor_position
                0x00800154                User_Action
                0x00800155                Timer_Counter
                0x00800156                Trigger
                0x00800157                Toggle
 COMMON         0x00800158        0x1 Appl/main.o
                0x00800158                Slot
 COMMON         0x00800159        0x5 Appl/OvenPositionControl.o
                0x00800159                Door_state
                0x0080015a                Oven_PositionControl_State
                0x0080015b                Oven_PositionControl_Solicitation
                0x0080015c                current_position
 COMMON         0x0080015e        0xf Driver/Adc.o
                0x0080015e                ADC_Buffer
                0x0080016a                Adc_Step
                0x0080016b                Sampling_Time
                0x0080016c                Adc_Channel
 COMMON         0x0080016d       0x2d Driver/Timer.o
                0x0080016d                Hms_1sec_Counter
                0x0080016f                Ms_Timers
                0x0080017e                Hms_Timers
 COMMON         0x0080019a       0x31 Hal/Hal.o
                0x0080019a                AD_Channel
                0x0080019b                Hal_Leds_Buffer
                0x0080019f                AD_Sample
                0x008001ab                Hal_Analog_Inputs
                0x008001b7                AD_Mux_State
                0x008001b8                AD_Counter
                0x008001be                Hal_Keys_Buffer
                0x008001bf                AD_Accumulator
 COMMON         0x008001cb        0x3 System/Display.o
                0x008001cb                Segment_Floor_State
                0x008001cc                Display_Keys_Map
                0x008001cd                Oven_Display_State
 COMMON         0x008001ce        0x4 System/PortSensor.o
                0x008001ce                People
                0x008001cf                Port_movie
                0x008001d0                Sensor_status
                0x008001d1                Port_status
 COMMON         0x008001d2        0x4 System/PositionSensor.o
                0x008001d2                Position
 COMMON         0x008001d6        0x4 System/Sounds.o
                0x008001d6                PlaySound
                0x008001d7                End_Cycle_Sound_Step
                0x008001d8                PowerON_Sound_Step
                0x008001d9                Key_Press_Sound_Step
                0x008001da                PROVIDE (__bss_end, .)
                0x00001000                __data_load_start = LOADADDR (.data)
                0x00001052                __data_load_end = (__data_load_start + SIZEOF (.data))

.noinit         0x008001da        0x0
                [!provide]                PROVIDE (__noinit_start, .)
 *(.noinit*)
                [!provide]                PROVIDE (__noinit_end, .)
                0x008001da                _end = .
                [!provide]                PROVIDE (__heap_start, .)

.eeprom         0x00810000        0x0
 *(.eeprom*)
                0x00810000                __eeprom_end = .

.fuse
 *(.fuse)
 *(.lfuse)
 *(.hfuse)
 *(.efuse)

.lock
 *(.lock*)

.signature
 *(.signature*)

.user_signatures
 *(.user_signatures*)

.stab
 *(.stab)

.stabstr
 *(.stabstr)

.stab.excl
 *(.stab.excl)

.stab.exclstr
 *(.stab.exclstr)

.stab.index
 *(.stab.index)

.stab.indexstr
 *(.stab.indexstr)

.comment        0x00000000       0x30
 *(.comment)
 .comment       0x00000000       0x30 Appl/Appl.o
                                 0x31 (size before relaxing)
 .comment       0x00000030       0x31 Appl/main.o
 .comment       0x00000030       0x31 Appl/OvenPositionControl.o
 .comment       0x00000030       0x31 Driver/Adc.o
 .comment       0x00000030       0x31 Driver/Gpio.o
 .comment       0x00000030       0x31 Driver/Pwm.o
 .comment       0x00000030       0x31 Driver/Timer.o
 .comment       0x00000030       0x31 Hal/Hal.o
 .comment       0x00000030       0x31 Hal/SevenSeg.o
 .comment       0x00000030       0x31 System/Display.o
 .comment       0x00000030       0x31 System/PortSensor.o
 .comment       0x00000030       0x31 System/PositionSensor.o
 .comment       0x00000030       0x31 System/Sounds.o

.note.gnu.avr.deviceinfo
                0x00000000       0x40
 .note.gnu.avr.deviceinfo
                0x00000000       0x40 C:/Program Files (x86)/Atmel/Studio/7.0/Packs/atmel/ATmega_DFP/1.3.300/gcc/dev/atmega328p/avr5/crtatmega328p.o

.note.gnu.build-id
 *(.note.gnu.build-id)

.debug
 *(.debug)

.line
 *(.line)

.debug_srcinfo
 *(.debug_srcinfo)

.debug_sfnames
 *(.debug_sfnames)

.debug_aranges  0x00000000      0x328
 *(.debug_aranges)
 .debug_aranges
                0x00000000       0x28 Appl/Appl.o
 .debug_aranges
                0x00000028       0x20 Appl/main.o
 .debug_aranges
                0x00000048       0x30 Appl/OvenPositionControl.o
 .debug_aranges
                0x00000078       0x38 Driver/Adc.o
 .debug_aranges
                0x000000b0       0x30 Driver/Gpio.o
 .debug_aranges
                0x000000e0       0x30 Driver/Pwm.o
 .debug_aranges
                0x00000110       0x70 Driver/Timer.o
 .debug_aranges
                0x00000180       0x80 Hal/Hal.o
 .debug_aranges
                0x00000200       0x20 Hal/SevenSeg.o
 .debug_aranges
                0x00000220       0x50 System/Display.o
 .debug_aranges
                0x00000270       0x38 System/PortSensor.o
 .debug_aranges
                0x000002a8       0x30 System/PositionSensor.o
 .debug_aranges
                0x000002d8       0x50 System/Sounds.o

.debug_pubnames
 *(.debug_pubnames)

.debug_info     0x00000000     0x384c
 *(.debug_info .gnu.linkonce.wi.*)
 .debug_info    0x00000000      0x5f4 C:/Program Files (x86)/Atmel/Studio/7.0/Packs/atmel/ATmega_DFP/1.3.300/gcc/dev/atmega328p/avr5/crtatmega328p.o
 .debug_info    0x000005f4      0x2e7 Appl/Appl.o
 .debug_info    0x000008db      0x2b8 Appl/main.o
 .debug_info    0x00000b93      0x287 Appl/OvenPositionControl.o
 .debug_info    0x00000e1a      0x4e9 Driver/Adc.o
 .debug_info    0x00001303      0x356 Driver/Gpio.o
 .debug_info    0x00001659      0x56d Driver/Pwm.o
 .debug_info    0x00001bc6      0x444 Driver/Timer.o
 .debug_info    0x0000200a      0x807 Hal/Hal.o
 .debug_info    0x00002811      0x142 Hal/SevenSeg.o
 .debug_info    0x00002953      0x59b System/Display.o
 .debug_info    0x00002eee      0x22b System/PortSensor.o
 .debug_info    0x00003119      0x1b5 System/PositionSensor.o
 .debug_info    0x000032ce      0x57e System/Sounds.o

.debug_abbrev   0x00000000     0x153e
 *(.debug_abbrev)
 .debug_abbrev  0x00000000      0x5a2 C:/Program Files (x86)/Atmel/Studio/7.0/Packs/atmel/ATmega_DFP/1.3.300/gcc/dev/atmega328p/avr5/crtatmega328p.o
 .debug_abbrev  0x000005a2       0xbd Appl/Appl.o
 .debug_abbrev  0x0000065f       0xbf Appl/main.o
 .debug_abbrev  0x0000071e       0xe4 Appl/OvenPositionControl.o
 .debug_abbrev  0x00000802      0x16f Driver/Adc.o
 .debug_abbrev  0x00000971      0x164 Driver/Gpio.o
 .debug_abbrev  0x00000ad5      0x1a7 Driver/Pwm.o
 .debug_abbrev  0x00000c7c      0x184 Driver/Timer.o
 .debug_abbrev  0x00000e00      0x1db Hal/Hal.o
 .debug_abbrev  0x00000fdb       0xc7 Hal/SevenSeg.o
 .debug_abbrev  0x000010a2      0x155 System/Display.o
 .debug_abbrev  0x000011f7       0xf7 System/PortSensor.o
 .debug_abbrev  0x000012ee       0xfc System/PositionSensor.o
 .debug_abbrev  0x000013ea      0x154 System/Sounds.o

.debug_line     0x00000000     0x19dc
 *(.debug_line .debug_line.* .debug_line_end)
 .debug_line    0x00000000      0x133 C:/Program Files (x86)/Atmel/Studio/7.0/Packs/atmel/ATmega_DFP/1.3.300/gcc/dev/atmega328p/avr5/crtatmega328p.o
 .debug_line    0x00000133      0x164 Appl/Appl.o
 .debug_line    0x00000297      0x1c9 Appl/main.o
 .debug_line    0x00000460      0x15f Appl/OvenPositionControl.o
 .debug_line    0x000005bf      0x1f8 Driver/Adc.o
 .debug_line    0x000007b7      0x193 Driver/Gpio.o
 .debug_line    0x0000094a      0x21f Driver/Pwm.o
 .debug_line    0x00000b69      0x327 Driver/Timer.o
 .debug_line    0x00000e90      0x3af Hal/Hal.o
 .debug_line    0x0000123f      0x10d Hal/SevenSeg.o
 .debug_line    0x0000134c      0x1df System/Display.o
 .debug_line    0x0000152b      0x100 System/PortSensor.o
 .debug_line    0x0000162b       0xd4 System/PositionSensor.o
 .debug_line    0x000016ff      0x2dd System/Sounds.o

.debug_frame    0x00000000      0x59c
 *(.debug_frame)
 .debug_frame   0x00000000       0x34 Appl/Appl.o
 .debug_frame   0x00000034       0x24 Appl/main.o
 .debug_frame   0x00000058       0x44 Appl/OvenPositionControl.o
 .debug_frame   0x0000009c       0x60 Driver/Adc.o
 .debug_frame   0x000000fc       0x44 Driver/Gpio.o
 .debug_frame   0x00000140       0x50 Driver/Pwm.o
 .debug_frame   0x00000190       0xd8 Driver/Timer.o
 .debug_frame   0x00000268      0x170 Hal/Hal.o
 .debug_frame   0x000003d8       0x24 Hal/SevenSeg.o
 .debug_frame   0x000003fc       0x84 System/Display.o
 .debug_frame   0x00000480       0x54 System/PortSensor.o
 .debug_frame   0x000004d4       0x44 System/PositionSensor.o
 .debug_frame   0x00000518       0x84 System/Sounds.o

.debug_str      0x00000000     0x17d6
 *(.debug_str)
 .debug_str     0x00000000      0x208 C:/Program Files (x86)/Atmel/Studio/7.0/Packs/atmel/ATmega_DFP/1.3.300/gcc/dev/atmega328p/avr5/crtatmega328p.o
 .debug_str     0x00000208      0x2a6 Appl/Appl.o
                                0x2e6 (size before relaxing)
 .debug_str     0x000004ae      0x1d3 Appl/main.o
                                0x328 (size before relaxing)
 .debug_str     0x00000681      0x1d6 Appl/OvenPositionControl.o
                                0x398 (size before relaxing)
 .debug_str     0x00000857      0x2dd Driver/Adc.o
                                0x449 (size before relaxing)
 .debug_str     0x00000b34      0x13a Driver/Gpio.o
                                0x2c5 (size before relaxing)
 .debug_str     0x00000c6e      0x1ca Driver/Pwm.o
                                0x3c6 (size before relaxing)
 .debug_str     0x00000e38      0x278 Driver/Timer.o
                                0x411 (size before relaxing)
 .debug_str     0x000010b0      0x2d7 Hal/Hal.o
                                0x668 (size before relaxing)
 .debug_str     0x00001387       0x33 Hal/SevenSeg.o
                                0x1aa (size before relaxing)
 .debug_str     0x000013ba       0xd6 System/Display.o
                                0x415 (size before relaxing)
 .debug_str     0x00001490       0xbc System/PortSensor.o
                                0x21f (size before relaxing)
 .debug_str     0x0000154c       0x73 System/PositionSensor.o
                                0x27b (size before relaxing)
 .debug_str     0x000015bf      0x217 System/Sounds.o
                                0x4ee (size before relaxing)

.debug_loc      0x00000000      0xec7
 *(.debug_loc)
 .debug_loc     0x00000000       0x30 Appl/OvenPositionControl.o
 .debug_loc     0x00000030      0x114 Driver/Adc.o
 .debug_loc     0x00000144      0x130 Driver/Gpio.o
 .debug_loc     0x00000274      0x26d Driver/Pwm.o
 .debug_loc     0x000004e1      0x1ff Driver/Timer.o
 .debug_loc     0x000006e0      0x42f Hal/Hal.o
 .debug_loc     0x00000b0f       0x97 Hal/SevenSeg.o
 .debug_loc     0x00000ba6      0x139 System/Display.o
 .debug_loc     0x00000cdf       0x49 System/PortSensor.o
 .debug_loc     0x00000d28       0x86 System/PositionSensor.o
 .debug_loc     0x00000dae      0x119 System/Sounds.o

.debug_macinfo
 *(.debug_macinfo)

.debug_weaknames
 *(.debug_weaknames)

.debug_funcnames
 *(.debug_funcnames)

.debug_typenames
 *(.debug_typenames)

.debug_varnames
 *(.debug_varnames)

.debug_pubtypes
 *(.debug_pubtypes)

.debug_ranges   0x00000000      0x258
 *(.debug_ranges)
 .debug_ranges  0x00000000       0x18 Appl/Appl.o
 .debug_ranges  0x00000018       0x10 Appl/main.o
 .debug_ranges  0x00000028       0x20 Appl/OvenPositionControl.o
 .debug_ranges  0x00000048       0x28 Driver/Adc.o
 .debug_ranges  0x00000070       0x20 Driver/Gpio.o
 .debug_ranges  0x00000090       0x20 Driver/Pwm.o
 .debug_ranges  0x000000b0       0x60 Driver/Timer.o
 .debug_ranges  0x00000110       0x70 Hal/Hal.o
 .debug_ranges  0x00000180       0x10 Hal/SevenSeg.o
 .debug_ranges  0x00000190       0x40 System/Display.o
 .debug_ranges  0x000001d0       0x28 System/PortSensor.o
 .debug_ranges  0x000001f8       0x20 System/PositionSensor.o
 .debug_ranges  0x00000218       0x40 System/Sounds.o

.debug_macro
 *(.debug_macro)
OUTPUT(Elevador.elf elf32-avr)
LOAD linker stubs
